Archive member included to satisfy reference by file (symbol)

/opt/devkitpro/libogc/lib/wii/libwiiuse.a(wpad.o)
                              main.o (WPAD_Init)
/opt/devkitpro/libogc/lib/wii/libwiiuse.a(motion_plus.o)
                              /opt/devkitpro/libogc/lib/wii/libwiiuse.a(wpad.o) (wiiuse_set_motion_plus)
/opt/devkitpro/libogc/lib/wii/libwiiuse.a(dynamics.o)
                              /opt/devkitpro/libogc/lib/wii/libwiiuse.a(wpad.o) (calculate_gforce)
/opt/devkitpro/libogc/lib/wii/libwiiuse.a(io.o)
                              /opt/devkitpro/libogc/lib/wii/libwiiuse.a(motion_plus.o) (wiiuse_disable_expansion)
/opt/devkitpro/libogc/lib/wii/libwiiuse.a(io_wii.o)
                              /opt/devkitpro/libogc/lib/wii/libwiiuse.a(wpad.o) (__wiiuse_sensorbar_enable)
/opt/devkitpro/libogc/lib/wii/libwiiuse.a(ir.o)
                              /opt/devkitpro/libogc/lib/wii/libwiiuse.a(motion_plus.o) (wiiuse_set_ir_mode)
/opt/devkitpro/libogc/lib/wii/libwiiuse.a(nunchuk.o)
                              /opt/devkitpro/libogc/lib/wii/libwiiuse.a(io.o) (nunchuk_handshake)
/opt/devkitpro/libogc/lib/wii/libwiiuse.a(wiiboard.o)
                              /opt/devkitpro/libogc/lib/wii/libwiiuse.a(io.o) (wii_board_handshake)
/opt/devkitpro/libogc/lib/wii/libwiiuse.a(wiiuse.o)
                              /opt/devkitpro/libogc/lib/wii/libwiiuse.a(wpad.o) (wiiuse_init)
/opt/devkitpro/libogc/lib/wii/libwiiuse.a(speaker.o)
                              /opt/devkitpro/libogc/lib/wii/libwiiuse.a(wpad.o) (wencdata)
/opt/devkitpro/libogc/lib/wii/libwiiuse.a(classic.o)
                              /opt/devkitpro/libogc/lib/wii/libwiiuse.a(io.o) (classic_ctrl_handshake)
/opt/devkitpro/libogc/lib/wii/libwiiuse.a(events.o)
                              /opt/devkitpro/libogc/lib/wii/libwiiuse.a(io_wii.o) (parse_event)
/opt/devkitpro/libogc/lib/wii/libwiiuse.a(guitar_hero_3.o)
                              /opt/devkitpro/libogc/lib/wii/libwiiuse.a(io.o) (guitar_hero_3_handshake)
/opt/devkitpro/libogc/lib/wii/libbte.a(bte.o)
                              /opt/devkitpro/libogc/lib/wii/libwiiuse.a(wpad.o) (BTE_Init)
/opt/devkitpro/libogc/lib/wii/libbte.a(hci.o)
                              /opt/devkitpro/libogc/lib/wii/libbte.a(bte.o) (hci_init)
/opt/devkitpro/libogc/lib/wii/libbte.a(l2cap.o)
                              /opt/devkitpro/libogc/lib/wii/libbte.a(bte.o) (l2cap_init)
/opt/devkitpro/libogc/lib/wii/libbte.a(btmemb.o)
                              /opt/devkitpro/libogc/lib/wii/libbte.a(bte.o) (btmemb_init)
/opt/devkitpro/libogc/lib/wii/libbte.a(btmemr.o)
                              /opt/devkitpro/libogc/lib/wii/libbte.a(hci.o) (btmemr_init)
/opt/devkitpro/libogc/lib/wii/libbte.a(btpbuf.o)
                              /opt/devkitpro/libogc/lib/wii/libbte.a(hci.o) (btpbuf_init)
/opt/devkitpro/libogc/lib/wii/libbte.a(physbusif.o)
                              /opt/devkitpro/libogc/lib/wii/libbte.a(bte.o) (physbusif_init)
/opt/devkitpro/libogc/lib/wii/libogc.a(console.o)
                              main.o (CON_Init)
/opt/devkitpro/libogc/lib/wii/libogc.a(lwp_queue.o)
                              /opt/devkitpro/libogc/lib/wii/libwiiuse.a(io_wii.o) (__lwp_queue_initialize)
/opt/devkitpro/libogc/lib/wii/libogc.a(lwp_threads.o)
                              /opt/devkitpro/libogc/lib/wii/libwiiuse.a(wpad.o) (_thread_dispatch_disable_level)
/opt/devkitpro/libogc/lib/wii/libogc.a(lwp.o)
                              /opt/devkitpro/libogc/lib/wii/libbte.a(bte.o) (LWP_InitQueue)
/opt/devkitpro/libogc/lib/wii/libogc.a(lwp_handler.o)
                              /opt/devkitpro/libogc/lib/wii/libogc.a(lwp_threads.o) (_cpu_context_save_fp)
/opt/devkitpro/libogc/lib/wii/libogc.a(lwp_stack.o)
                              /opt/devkitpro/libogc/lib/wii/libogc.a(lwp_threads.o) (__lwp_stack_allocate)
/opt/devkitpro/libogc/lib/wii/libogc.a(lwp_watchdog.o)
                              /opt/devkitpro/libogc/lib/wii/libogc.a(lwp_threads.o) (_wd_ticks_queue)
/opt/devkitpro/libogc/lib/wii/libogc.a(lwp_wkspace.o)
                              /opt/devkitpro/libogc/lib/wii/libwiiuse.a(motion_plus.o) (__wkspace_heap)
/opt/devkitpro/libogc/lib/wii/libogc.a(lwp_objmgr.o)
                              /opt/devkitpro/libogc/lib/wii/libogc.a(lwp.o) (__lwp_objmgr_initinfo)
/opt/devkitpro/libogc/lib/wii/libogc.a(lwp_heap.o)
                              /opt/devkitpro/libogc/lib/wii/libogc.a(lwp_wkspace.o) (__lwp_heap_init)
/opt/devkitpro/libogc/lib/wii/libogc.a(sys_state.o)
                              /opt/devkitpro/libogc/lib/wii/libogc.a(lwp_threads.o) (_sys_state_curr)
/opt/devkitpro/libogc/lib/wii/libogc.a(irq.o)
                              /opt/devkitpro/libogc/lib/wii/libwiiuse.a(io_wii.o) (IRQ_Disable)
/opt/devkitpro/libogc/lib/wii/libogc.a(video.o)
                              /opt/devkitpro/libogc/lib/wii/libogc.a(console.o) (VIDEO_GetCurrentFramebuffer)
/opt/devkitpro/libogc/lib/wii/libogc.a(system.o)
[...]
Memory Configuration

Name             Origin             Length             Attributes
*default*        0x00000000         0xffffffff

Linker script and memory map

                0x00003400                        . = 0x3400

.stub
 *(.stub)
                0x80004000                        . = 0x80004000

.init           0x80004000      0x194
 *crt0.o(*.init)
 .init          0x80004000      0x170 /opt/devkitpro/libogc/lib/wii/libogc.a(ogc_crt0.o)
                0x80004000                _start
                0x80004140                _memset
 *(.init)
 .init          0x80004170        0xc /opt/devkitpro/devkitPPC/bin/../lib/gcc/powerpc-eabi/13.1.0/ecrti.o
                0x80004170                __init
 .init          0x8000417c        0x4 /opt/devkitpro/devkitPPC/bin/../lib/gcc/powerpc-eabi/13.1.0/crtbegin.o
 .init          0x80004180        0x4 /opt/devkitpro/devkitPPC/bin/../lib/gcc/powerpc-eabi/13.1.0/crtend.o
 .init          0x80004184       0x10 /opt/devkitpro/devkitPPC/bin/../lib/gcc/powerpc-eabi/13.1.0/ecrtn.o

.rela.dyn       0x80004194        0x0
 .rela.iplt     0x80004194        0x0 /opt/devkitpro/devkitPPC/bin/../lib/gcc/powerpc-eabi/13.1.0/crtbegin.o

.plt
 *(.plt)

.interp
 *(.interp)

.hash
 *(.hash)

.dynsym
 *(.dynsym)

.dynstr
 *(.dynstr)

.gnu.version
 *(.gnu.version)

.gnu.version_d
 *(.gnu.version_d)

.gnu.version_r
 *(.gnu.version_r)

.rel.init
 *(.rel.init)

.rela.init
 *(.rela.init)

.rel.text
 *(.rel.text .rel.text.* .rel.gnu.linkonce.t.*)

.rela.text      0x80004194        0x0
 *(.rela.text .rela.text.* .rela.gnu.linkonce.t.*)
 .rela.text.__do_global_dtors_aux
                0x80004194        0x0 /opt/devkitpro/devkitPPC/bin/../lib/gcc/powerpc-eabi/13.1.0/crtbegin.o
 .rela.text.frame_dummy
                0x80004194        0x0 /opt/devkitpro/devkitPPC/bin/../lib/gcc/powerpc-eabi/13.1.0/crtbegin.o
 .rela.text.unlikely.abort
                0x80004194        0x0 /opt/devkitpro/devkitPPC/bin/../lib/gcc/powerpc-eabi/13.1.0/crtbegin.o
 .rela.text.__assert_func
                0x80004194        0x0 /opt/devkitpro/devkitPPC/bin/../lib/gcc/powerpc-eabi/13.1.0/crtbegin.o

.rel.fini
 *(.rel.fini)

.rela.fini
 *(.rela.fini)

.rel.rodata
 *(.rel.rodata .rel.rodata.* .rel.gnu.linkonce.r.*)

.rela.rodata
 *(.rela.rodata .rela.rodata.* .rela.gnu.linkonce.r.*)

.rel.data
 *(.rel.data .rel.data.* .rel.gnu.linkonce.d.*)

.rela.data
 *(.rela.data .rela.data.* .rela.gnu.linkonce.d.*)

.rel.tdata
 *(.rel.tdata .rel.tdata.* .rel.gnu.linkonce.td.*)

.rela.tdata
 *(.rela.tdata .rela.tdata.* .rela.gnu.linkonce.td.*)

.rel.tbss
 *(.rel.tbss .rel.tbss.* .rel.gnu.linkonce.tb.*)

.rela.tbss
 *(.rela.tbss .rela.tbss.* .rela.gnu.linkonce.tb.*)

.rel.ctors
 *(.rel.ctors)

.rela.ctors
 *(.rela.ctors)

.rel.dtors
 *(.rel.dtors)

.rela.dtors
 *(.rela.dtors)

.rel.got
 *(.rel.got)

.rela.got
 *(.rela.got)

.rela.got1
 *(.rela.got1)

.rela.got2
 *(.rela.got2)

.rel.sdata
 *(.rel.sdata .rel.sdata.* .rel.gnu.linkonce.s.*)

.rela.sdata
 *(.rela.sdata .rela.sdata.* .rela.gnu.linkonce.s.*)

.rel.sbss
 *(.rel.sbss .rel.sbss.* .rel.gnu.linkonce.sb.*)

.rela.sbss
 *(.rela.sbss .rela.sbss.* .rel.gnu.linkonce.sb.*)

.rel.sdata2
 *(.rel.sdata2 .rel.sdata2.* .rel.gnu.linkonce.s2.*)

.rela.sdata2
 *(.rela.sdata2 .rela.sdata2.* .rela.gnu.linkonce.s2.*)

.rel.sbss2
 *(.rel.sbss2 .rel.sbss2.* .rel.gnu.linkonce.sb2.*)

.rela.sbss2
 *(.rela.sbss2 .rela.sbss2.* .rela.gnu.linkonce.sb2.*)

.rel.bss
 *(.rel.bss .rel.bss.* .rel.gnu.linkonce.b.*)

.rela.bss
 *(.rela.bss .rela.bss.* .rela.gnu.linkonce.b.*)

.rel.plt
 *(.rel.plt)

.rela.plt
 *(.rela.plt)

.text           0x800041a0    0x389c0
 *(.text)
 .text          0x800041a0      0x44c /opt/devkitpro/libogc/lib/wii/libogc.a(lwp_handler.o)
                0x800041a0                _cpu_context_save_fp
                0x800042e0                _cpu_context_restore_fp
                0x80004420                _cpu_context_switch
                0x80004500                _cpu_context_save
                0x80004580                _cpu_context_restore
 .text          0x800045ec      0x4a0 /opt/devkitpro/libogc/lib/wii/libogc.a(system_asm.o)
                0x800045ec                __realmode
                0x80004604                __configBATS
                0x80004734                __InitFPRS
                0x80004860                __InitPS
                0x800048bc                __InitCache
                0x80004914                __InitSystem
                0x8000499c                __flush_cache
                0x800049d0                __reset
                0x80004a40                __InitBATS
                0x80004a5c                SYS_SwitchFiber
 .text          0x80004a8c      0x1ac /opt/devkitpro/libogc/lib/wii/libogc.a(irq_handler.o)
                0x80004a8c                irq_exceptionhandler
 .text          0x80004c38      0x4f4 /opt/devkitpro/libogc/lib/wii/libogc.a(cache_asm.o)
                0x80004c38                DCFlashInvalidate
                0x80004c4c                DCEnable
                0x80004c60                DCDisable
                0x80004c74                DCFreeze
                0x80004c88                DCUnfreeze
                0x80004c9c                DCTouchLoad
                0x80004ca4                DCBlockZero
                0x80004cac                DCBlockStore
                0x80004cb4                DCBlockFlush
                0x80004cbc                DCBlockInvalidate
                0x80004cc4                DCInvalidateRange
                0x80004cf4                DCFlushRange
                0x80004d28                DCStoreRange
                0x80004d5c                DCFlushRangeNoSync
                0x80004d8c                DCStoreRangeNoSync
                0x80004dbc                DCZeroRange
                0x80004dec                DCTouchRange
                0x80004e1c                ICInvalidateRange
                0x80004e54                ICFlashInvalidate
                0x80004e68                ICEnable
                0x80004e7c                ICDisable
                0x80004e90                ICFreeze
                0x80004ea4                ICUnfreeze
                0x80004eb8                ICBlockInvalidate
                0x80004ec0                ICSync
                0x80004ec8                L2Init
                0x80004f10                L2Enable
                0x80004f2c                L2Disable
                0x80004f44                L2GlobalInvalidate
                0x80004f9c                __LCEnable
                0x80005068                LCDisable
                0x80005090                LCAllocOneTag
                0x800050a4                LCAllocTags
                0x800050e4                LCLoadBlocks
                0x80005108                LCStoreBlocks
 .text          0x8000512c      0x1ac /opt/devkitpro/libogc/lib/wii/libogc.a(decrementer_handler.o)
                0x8000512c                dec_exceptionhandler
 .text          0x800052d8      0x35c /opt/devkitpro/libogc/lib/wii/libogc.a(exception_handler.o)
                0x800052d8                exceptionhandler_start
                0x80005354                exceptionhandler_patch
                0x80005388                exceptionhandler_end
                0x8000538c                default_exceptionhandler
                0x800054bc                fpu_exceptionhandler
                0x80005604                systemcallhandler_start
                0x80005630                systemcallhandler_end
 .text          0x80005634       0x48 /opt/devkitpro/devkitPPC/bin/../lib/gcc/powerpc-eabi/13.1.0/libgcc.a(eabi.o)
                0x80005634                __eabi
 .text          0x8000567c       0x58 /opt/devkitpro/devkitPPC/bin/../lib/gcc/powerpc-eabi/13.1.0/libgcc.a(crtresxfpr.o)
                0x8000567c                _restfpr_14_x
                0x80005680                _restfpr_15_x
                0x80005684                _restfpr_16_x
                0x80005688                _restfpr_17_x
                0x8000568c                _restfpr_18_x
                0x80005690                _restfpr_19_x
                0x80005694                _restfpr_20_x
                0x80005698                _restfpr_21_x
                0x8000569c                _restfpr_22_x
                0x800056a0                _restfpr_23_x
                0x800056a4                _restfpr_24_x
                0x800056a8                _restfpr_25_x
                0x800056ac                _restfpr_26_x
                0x800056b0                _restfpr_27_x
                0x800056b4                _restfpr_28_x
                0x800056b8                _restfpr_29_x
                0x800056bc                _restfpr_30_x
                0x800056c0                _restfpr_31_x
 .text          0x800056d4       0x58 /opt/devkitpro/devkitPPC/bin/../lib/gcc/powerpc-eabi/13.1.0/libgcc.a(crtresxgpr.o)
                0x800056d4                _restgpr_14_x
                0x800056d8                _restgpr_15_x
                0x800056dc                _restgpr_16_x
                0x800056e0                _restgpr_17_x
                0x800056e4                _restgpr_18_x
                0x800056e8                _restgpr_19_x
                0x800056ec                _restgpr_20_x
                0x800056f0                _restgpr_21_x
                0x800056f4                _restgpr_22_x
                0x800056f8                _restgpr_23_x
                0x800056fc                _restgpr_24_x
                0x80005700                _restgpr_25_x
                0x80005704                _restgpr_26_x
                0x80005708                _restgpr_27_x
                0x8000570c                _restgpr_28_x
                0x80005710                _restgpr_29_x
                0x80005714                _restgpr_30_x
                0x80005718                _restgpr_31_x
 *(.text.*)
 .text.__do_global_dtors_aux
                0x8000572c       0xcc /opt/devkitpro/devkitPPC/bin/../lib/gcc/powerpc-eabi/13.1.0/crtbegin.o
 .text.frame_dummy
                0x800057f8       0x24 /opt/devkitpro/devkitPPC/bin/../lib/gcc/powerpc-eabi/13.1.0/crtbegin.o
 .text.__crtmain
                0x8000581c       0x44 /opt/devkitpro/devkitPPC/bin/../lib/gcc/powerpc-eabi/13.1.0/../../../../powerpc-eabi/lib/crtmain.o
                0x80005820                __crtmain
 .text.startup.main
                0x80005860      0x8dc main.o
                0x80005860                main
 .text.__wpad_assign_slot
                0x8000613c      0x254 /opt/devkitpro/libogc/lib/wii/libwiiuse.a(wpad.o)
                0x8000613c                __wpad_assign_slot
 .text.__wpad_def_powcb
                0x80006390        0x4 /opt/devkitpro/libogc/lib/wii/libwiiuse.a(wpad.o)
 .text.__readlinkkey_finished
                0x80006394       0x34 /opt/devkitpro/libogc/lib/wii/libwiiuse.a(wpad.o)
 .text.__wpad_patch_finished
                0x800063c8       0x2c /opt/devkitpro/libogc/lib/wii/libwiiuse.a(wpad.o)
 .text.__wpad_setfmt
                0x800063f4      0x14c /opt/devkitpro/libogc/lib/wii/libwiiuse.a(wpad.o)
 .text.__wpad_eventCB
                0x80006540      0xad4 /opt/devkitpro/libogc/lib/wii/libwiiuse.a(wpad.o)
 .text.__wpad_disconnectCB
                0x80007014       0xd4 /opt/devkitpro/libogc/lib/wii/libwiiuse.a(wpad.o)
                0x80007014                __wpad_disconnectCB
 .text.__wpad_timeouthandler
                0x800070e8       0xa8 /opt/devkitpro/libogc/lib/wii/libwiiuse.a(wpad.o)
 .text.__initcore_finished
                0x80007190       0x48 /opt/devkitpro/libogc/lib/wii/libwiiuse.a(wpad.o)
 .text.__wpad_init_finished
                0x800071d8      0x194 /opt/devkitpro/libogc/lib/wii/libwiiuse.a(wpad.o)
 .text.WPAD_ReadEvent
                0x8000736c      0x68c /opt/devkitpro/libogc/lib/wii/libwiiuse.a(wpad.o)
                0x8000736c                WPAD_ReadEvent
 .text.WPAD_ReadPending
                0x800079f8      0x1a0 /opt/devkitpro/libogc/lib/wii/libwiiuse.a(wpad.o)
                0x800079f8                WPAD_ReadPending
 .text.WPAD_Shutdown
                0x80007b98      0x114 /opt/devkitpro/libogc/lib/wii/libwiiuse.a(wpad.o)
                0x80007b98                WPAD_Shutdown
 .text.WPAD_Init
                0x80007cac      0x2c4 /opt/devkitpro/libogc/lib/wii/libwiiuse.a(wpad.o)
                0x80007cac                WPAD_Init
 .text.__wpad_onreset
                0x80007f70       0x34 /opt/devkitpro/libogc/lib/wii/libwiiuse.a(wpad.o)
 .text.WPAD_ScanPads
                0x80007fa4       0x90 /opt/devkitpro/libogc/lib/wii/libwiiuse.a(wpad.o)
                0x80007fa4                WPAD_ScanPads
 .text.WPAD_ButtonsDown
                0x80008034       0x28 /opt/devkitpro/libogc/lib/wii/libwiiuse.a(wpad.o)
                0x80008034                WPAD_ButtonsDown
 .text.motion_plus_disconnected
                0x8000805c       0x10 /opt/devkitpro/libogc/lib/wii/libwiiuse.a(motion_plus.o)
                0x8000805c                motion_plus_disconnected
 .text.motion_plus_event
                0x8000806c       0x64 /opt/devkitpro/libogc/lib/wii/libwiiuse.a(motion_plus.o)
                0x8000806c                motion_plus_event
 .text.calculate_gforce
                0x800080d0      0x114 /opt/devkitpro/libogc/lib/wii/libwiiuse.a(dynamics.o)
                0x800080d0                calculate_gforce
 .text.calc_joystick_state
                0x800081e4      0x210 /opt/devkitpro/libogc/lib/wii/libwiiuse.a(dynamics.o)
                0x800081e4                calc_joystick_state
 .text.apply_smoothing
                0x800083f4      0x140 /opt/devkitpro/libogc/lib/wii/libwiiuse.a(dynamics.o)
                0x800083f4                apply_smoothing
 .text.calculate_orientation
                0x80008534      0x340 /opt/devkitpro/libogc/lib/wii/libwiiuse.a(dynamics.o)
                0x80008534                calculate_orientation
 .text.calc_balanceboard_state
                0x80008874      0x3a4 /opt/devkitpro/libogc/lib/wii/libwiiuse.a(dynamics.o)
                0x80008874                calc_balanceboard_state
 .text.wiiuse_handshake
                0x80008c18      0x27c /opt/devkitpro/libogc/lib/wii/libwiiuse.a(io.o)
                0x80008c18                wiiuse_handshake
 .text.wiiuse_handshake_expansion
                0x80008e94      0x1f0 /opt/devkitpro/libogc/lib/wii/libwiiuse.a(io.o)
                0x80008e94                wiiuse_handshake_expansion
 .text.wiiuse_handshake_expansion_start
                0x80009084       0x5c /opt/devkitpro/libogc/lib/wii/libwiiuse.a(io.o)
                0x80009084                wiiuse_handshake_expansion_start
 .text.wiiuse_disable_expansion
                0x800090e0      0x1b0 /opt/devkitpro/libogc/lib/wii/libwiiuse.a(io.o)
                0x800090e0                wiiuse_disable_expansion
 .text.__wiiuse_connected
                0x80009290       0x9c /opt/devkitpro/libogc/lib/wii/libwiiuse.a(io_wii.o)
 .text.__wiiuse_disconnected
                0x8000932c       0xb4 /opt/devkitpro/libogc/lib/wii/libwiiuse.a(io_wii.o)
 .text.__wiiuse_receive
                0x800093e0       0xd0 /opt/devkitpro/libogc/lib/wii/libwiiuse.a(io_wii.o)
 .text.__wiiuse_sensorbar_enable
                0x800094b0       0x54 /opt/devkitpro/libogc/lib/wii/libwiiuse.a(io_wii.o)
                0x800094b0                __wiiuse_sensorbar_enable
 .text.wiiuse_register
                0x80009504       0xf0 /opt/devkitpro/libogc/lib/wii/libwiiuse.a(io_wii.o)
                0x80009504                wiiuse_register
 .text.wiiuse_disconnect
                0x800095f4       0x24 /opt/devkitpro/libogc/lib/wii/libwiiuse.a(io_wii.o)
                0x800095f4                wiiuse_disconnect
 .text.wiiuse_init_cmd_queue
                0x80009618       0x9c /opt/devkitpro/libogc/lib/wii/libwiiuse.a(io_wii.o)
                0x80009618                wiiuse_init_cmd_queue
 .text.wiiuse_io_write
                0x800096b4       0x1c /opt/devkitpro/libogc/lib/wii/libwiiuse.a(io_wii.o)
                0x800096b4                wiiuse_io_write
 .text.rotate_dots
                0x800096d0      0x13c /opt/devkitpro/libogc/lib/wii/libwiiuse.a(ir.o)
 .text.get_ir_sens.constprop.0.isra.0
                0x8000980c       0xdc /opt/devkitpro/libogc/lib/wii/libwiiuse.a(ir.o)
 .text.wiiuse_set_ir_mode
                0x800098e8       0x5c /opt/devkitpro/libogc/lib/wii/libwiiuse.a(ir.o)
                0x800098e8                wiiuse_set_ir_mode
 .text.wiiuse_set_ir
                0x80009944      0x204 /opt/devkitpro/libogc/lib/wii/libwiiuse.a(ir.o)
                0x80009944                wiiuse_set_ir
 .text.wiiuse_set_ir_position
                0x80009b48       0x80 /opt/devkitpro/libogc/lib/wii/libwiiuse.a(ir.o)
                0x80009b48                wiiuse_set_ir_position
 .text.wiiuse_set_aspect_ratio
                0x80009bc8       0xac /opt/devkitpro/libogc/lib/wii/libwiiuse.a(ir.o)
                0x80009bc8                wiiuse_set_aspect_ratio
 .text.wiiuse_set_ir_sensitivity
                0x80009c74       0xe4 /opt/devkitpro/libogc/lib/wii/libwiiuse.a(ir.o)
                0x80009c74                wiiuse_set_ir_sensitivity
 .text.calculate_basic_ir
                0x80009d58       0xe8 /opt/devkitpro/libogc/lib/wii/libwiiuse.a(ir.o)
                0x80009d58                calculate_basic_ir
 .text.calculate_extended_ir
                0x80009e40       0x64 /opt/devkitpro/libogc/lib/wii/libwiiuse.a(ir.o)
                0x80009e40                calculate_extended_ir
 .text.find_sensorbar
                0x80009ea4      0xa00 /opt/devkitpro/libogc/lib/wii/libwiiuse.a(ir.o)
                0x80009ea4                find_sensorbar
 .text.apply_ir_smoothing
                0x8000a8a4      0x124 /opt/devkitpro/libogc/lib/wii/libwiiuse.a(ir.o)
                0x8000a8a4                apply_ir_smoothing
 .text.interpret_ir_data
                0x8000a9c8      0x3c8 /opt/devkitpro/libogc/lib/wii/libwiiuse.a(ir.o)
                0x8000a9c8                interpret_ir_data
 .text.nunchuk_handshake
                0x8000ad90      0x31c /opt/devkitpro/libogc/lib/wii/libwiiuse.a(nunchuk.o)
                0x8000ad90                nunchuk_handshake
 .text.nunchuk_disconnected
                0x8000b0ac        0xc /opt/devkitpro/libogc/lib/wii/libwiiuse.a(nunchuk.o)
                0x8000b0ac                nunchuk_disconnected
 .text.nunchuk_event
                0x8000b0b8       0xe8 /opt/devkitpro/libogc/lib/wii/libwiiuse.a(nunchuk.o)
                0x8000b0b8                nunchuk_event
 .text.wii_board_handshake
                0x8000b1a0      0x284 /opt/devkitpro/libogc/lib/wii/libwiiuse.a(wiiboard.o)
                0x8000b1a0                wii_board_handshake
 .text.wii_board_disconnected
                0x8000b424        0xc /opt/devkitpro/libogc/lib/wii/libwiiuse.a(wiiboard.o)
                0x8000b424                wii_board_disconnected
 .text.wii_board_event
                0x8000b430       0x24 /opt/devkitpro/libogc/lib/wii/libwiiuse.a(wiiboard.o)
                0x8000b430                wii_board_event
 .text.wiiuse_send_next_command
                0x8000b454       0x58 /opt/devkitpro/libogc/lib/wii/libwiiuse.a(wiiuse.o)
                0x8000b454                wiiuse_send_next_command
 .text.wiiuse_init
                0x8000b4ac      0x208 /opt/devkitpro/libogc/lib/wii/libwiiuse.a(wiiuse.o)
                0x8000b4ac                wiiuse_init
 .text.wiiuse_set_flags
                0x8000b6b4       0x28 /opt/devkitpro/libogc/lib/wii/libwiiuse.a(wiiuse.o)
                0x8000b6b4                wiiuse_set_flags
 .text.wiiuse_read_data
                0x8000b6dc      0x154 /opt/devkitpro/libogc/lib/wii/libwiiuse.a(wiiuse.o)
                0x8000b6dc                wiiuse_read_data
 .text.wiiuse_write_data
                0x8000b830      0x18c /opt/devkitpro/libogc/lib/wii/libwiiuse.a(wiiuse.o)
                0x8000b830                wiiuse_write_data
 .text.wiiuse_sendcmd
                0x8000b9bc      0x144 /opt/devkitpro/libogc/lib/wii/libwiiuse.a(wiiuse.o)
                0x8000b9bc                wiiuse_sendcmd
 .text.wiiuse_set_leds
                0x8000bb00       0x50 /opt/devkitpro/libogc/lib/wii/libwiiuse.a(wiiuse.o)
                0x8000bb00                wiiuse_set_leds
 .text.wiiuse_set_report_type
                0x8000bb50       0xb0 /opt/devkitpro/libogc/lib/wii/libwiiuse.a(wiiuse.o)
                0x8000bb50                wiiuse_set_report_type
 .text.wiiuse_status
                0x8000bc00       0x4c /opt/devkitpro/libogc/lib/wii/libwiiuse.a(wiiuse.o)
                0x8000bc00                wiiuse_status
 .text.wiiuse_motion_sensing
                0x8000bc4c       0x84 /opt/devkitpro/libogc/lib/wii/libwiiuse.a(wiiuse.o)
                0x8000bc4c                wiiuse_motion_sensing
 .text.wiiuse_set_speaker
                0x8000bcd0      0x24c /opt/devkitpro/libogc/lib/wii/libwiiuse.a(speaker.o)
                0x8000bcd0                wiiuse_set_speaker
 .text.classic_ctrl_handshake
                0x8000bf1c      0x410 /opt/devkitpro/libogc/lib/wii/libwiiuse.a(classic.o)
                0x8000bf1c                classic_ctrl_handshake
 .text.classic_ctrl_disconnected
                0x8000c32c        0xc /opt/devkitpro/libogc/lib/wii/libwiiuse.a(classic.o)
                0x8000c32c                classic_ctrl_disconnected
 .text.classic_ctrl_event
                0x8000c338      0x15c /opt/devkitpro/libogc/lib/wii/libwiiuse.a(classic.o)
                0x8000c338                classic_ctrl_event
 .text.handle_expansion
                0x8000c494       0x54 /opt/devkitpro/libogc/lib/wii/libwiiuse.a(events.o)
 .text.parse_event
                0x8000c4e8      0x730 /opt/devkitpro/libogc/lib/wii/libwiiuse.a(events.o)
                0x8000c4e8                parse_event
 .text.guitar_hero_3_handshake
                0x8000cc18       0x5c /opt/devkitpro/libogc/lib/wii/libwiiuse.a(guitar_hero_3.o)
                0x8000cc18                guitar_hero_3_handshake
 .text.guitar_hero_3_disconnected
                0x8000cc74        0xc /opt/devkitpro/libogc/lib/wii/libwiiuse.a(guitar_hero_3.o)
                0x8000cc74                guitar_hero_3_disconnected
 .text.guitar_hero_3_event
                0x8000cc80       0x60 /opt/devkitpro/libogc/lib/wii/libwiiuse.a(guitar_hero_3.o)
                0x8000cc80                guitar_hero_3_event
 .text.acl_wlp_completed
                0x8000cce0        0x8 /opt/devkitpro/libogc/lib/wii/libbte.a(bte.o)
                0x8000cce0                acl_wlp_completed
 .text.bt_alarmhandler
                0x8000cce8       0x58 /opt/devkitpro/libogc/lib/wii/libbte.a(bte.o)
 .text.__bte_send_pending_request
                0x8000cd40      0x108 /opt/devkitpro/libogc/lib/wii/libbte.a(bte.o)
 .text.acl_conn_complete
                0x8000ce48       0x2c /opt/devkitpro/libogc/lib/wii/libbte.a(bte.o)
                0x8000ce48                acl_conn_complete
 .text.l2cap_accepted
                0x8000ce74      0x134 /opt/devkitpro/libogc/lib/wii/libbte.a(bte.o)
                0x8000ce74                l2cap_accepted
 .text.l2cap_disconnect_cfm
                0x8000cfa8      0x19c /opt/devkitpro/libogc/lib/wii/libbte.a(bte.o)
                0x8000cfa8                l2cap_disconnect_cfm
 .text.bte_process_input
                0x8000d144      0x128 /opt/devkitpro/libogc/lib/wii/libbte.a(bte.o)
 .text.l2cap_disconnected_ind
                0x8000d26c      0x1a4 /opt/devkitpro/libogc/lib/wii/libbte.a(bte.o)
                0x8000d26c                l2cap_disconnected_ind
 .text.__bte_shutdown_finished
                0x8000d410       0xe0 /opt/devkitpro/libogc/lib/wii/libbte.a(bte.o)
 .text.bte_hci_apply_patch_complete
                0x8000d4f0      0x164 /opt/devkitpro/libogc/lib/wii/libbte.a(bte.o)
                0x8000d4f0                bte_hci_apply_patch_complete
 .text.bte_hci_patch_complete
                0x8000d654      0x380 /opt/devkitpro/libogc/lib/wii/libbte.a(bte.o)
                0x8000d654                bte_hci_patch_complete
 .text.bte_hci_initcore_complete
                0x8000d9d4      0x280 /opt/devkitpro/libogc/lib/wii/libbte.a(bte.o)
                0x8000d9d4                bte_hci_initcore_complete
 .text.bte_read_stored_link_key_complete
                0x8000dc54      0x27c /opt/devkitpro/libogc/lib/wii/libbte.a(bte.o)
                0x8000dc54                bte_read_stored_link_key_complete
 .text.bte_hci_initcore_complete2
                0x8000ded0      0x22c /opt/devkitpro/libogc/lib/wii/libbte.a(bte.o)
 .text.bte_hci_initsub_complete
                0x8000e0fc      0x280 /opt/devkitpro/libogc/lib/wii/libbte.a(bte.o)
                0x8000e0fc                bte_hci_initsub_complete
 .text.BTE_Init
                0x8000e37c      0x138 /opt/devkitpro/libogc/lib/wii/libbte.a(bte.o)
                0x8000e37c                BTE_Init
 .text.BTE_Shutdown
                0x8000e4b4      0x100 /opt/devkitpro/libogc/lib/wii/libbte.a(bte.o)
                0x8000e4b4                BTE_Shutdown
 .text.BTE_InitCore
                0x8000e5b4       0x8c /opt/devkitpro/libogc/lib/wii/libbte.a(bte.o)
                0x8000e5b4                BTE_InitCore
 .text.BTE_ApplyPatch
                0x8000e640       0xa4 /opt/devkitpro/libogc/lib/wii/libbte.a(bte.o)
                0x8000e640                BTE_ApplyPatch
 .text.BTE_InitSub
                0x8000e6e4       0x90 /opt/devkitpro/libogc/lib/wii/libbte.a(bte.o)
                0x8000e6e4                BTE_InitSub
 .text.BTE_ReadStoredLinkKey
                0x8000e774       0x90 /opt/devkitpro/libogc/lib/wii/libbte.a(bte.o)
                0x8000e774                BTE_ReadStoredLinkKey
 .text.BTE_SetDisconnectCallback
                0x8000e804        0x4 /opt/devkitpro/libogc/lib/wii/libbte.a(bte.o)
                0x8000e804                BTE_SetDisconnectCallback
 .text.bte_new  0x8000e808       0x54 /opt/devkitpro/libogc/lib/wii/libbte.a(bte.o)
                0x8000e808                bte_new
 .text.bte_registerdeviceasync
                0x8000e85c      0x158 /opt/devkitpro/libogc/lib/wii/libbte.a(bte.o)
                0x8000e85c                bte_registerdeviceasync
 .text.bte_disconnect
                0x8000e9b4       0xd8 /opt/devkitpro/libogc/lib/wii/libbte.a(bte.o)
                0x8000e9b4                bte_disconnect
 .text.bte_senddata
                0x8000ea8c      0x104 /opt/devkitpro/libogc/lib/wii/libbte.a(bte.o)
                0x8000ea8c                bte_senddata
 .text.bte_arg  0x8000eb90       0x38 /opt/devkitpro/libogc/lib/wii/libbte.a(bte.o)
                0x8000eb90                bte_arg
 .text.bte_received
                0x8000ebc8       0x38 /opt/devkitpro/libogc/lib/wii/libbte.a(bte.o)
                0x8000ebc8                bte_received
 .text.bte_disconnected
                0x8000ec00       0x38 /opt/devkitpro/libogc/lib/wii/libbte.a(bte.o)
                0x8000ec00                bte_disconnected
 .text.hci_get_link
                0x8000ec38       0x84 /opt/devkitpro/libogc/lib/wii/libbte.a(hci.o)
 .text.hci_init
                0x8000ecbc       0x80 /opt/devkitpro/libogc/lib/wii/libbte.a(hci.o)
                0x8000ecbc                hci_init
 .text.hci_close
                0x8000ed3c       0xd0 /opt/devkitpro/libogc/lib/wii/libbte.a(hci.o)
                0x8000ed3c                hci_close
 .text.hci_reset_all
                0x8000ee0c       0xb8 /opt/devkitpro/libogc/lib/wii/libbte.a(hci.o)
                0x8000ee0c                hci_reset_all
 .text.hci_arg  0x8000eec4        0xc /opt/devkitpro/libogc/lib/wii/libbte.a(hci.o)
                0x8000eec4                hci_arg
 .text.hci_cmd_complete
                0x8000eed0        0xc /opt/devkitpro/libogc/lib/wii/libbte.a(hci.o)
                0x8000eed0                hci_cmd_complete
 .text.hci_connection_complete
                0x8000eedc        0xc /opt/devkitpro/libogc/lib/wii/libbte.a(hci.o)
                0x8000eedc                hci_connection_complete
 .text.hci_wlp_complete
                0x8000eee8        0xc /opt/devkitpro/libogc/lib/wii/libbte.a(hci.o)
                0x8000eee8                hci_wlp_complete
 .text.hci_reset
                0x8000eef4       0xac /opt/devkitpro/libogc/lib/wii/libbte.a(hci.o)
                0x8000eef4                hci_reset
 .text.hci_read_buffer_size
                0x8000efa0       0xac /opt/devkitpro/libogc/lib/wii/libbte.a(hci.o)
                0x8000efa0                hci_read_buffer_size
 .text.hci_read_bd_addr
                0x8000f04c       0xac /opt/devkitpro/libogc/lib/wii/libbte.a(hci.o)
                0x8000f04c                hci_read_bd_addr
 .text.hci_read_local_version
                0x8000f0f8       0xa8 /opt/devkitpro/libogc/lib/wii/libbte.a(hci.o)
                0x8000f0f8                hci_read_local_version
 .text.hci_read_local_features
                0x8000f1a0       0xac /opt/devkitpro/libogc/lib/wii/libbte.a(hci.o)
                0x8000f1a0                hci_read_local_features
 .text.hci_read_stored_link_key
                0x8000f24c      0x100 /opt/devkitpro/libogc/lib/wii/libbte.a(hci.o)
                0x8000f24c                hci_read_stored_link_key
 .text.hci_write_page_timeout
                0x8000f34c       0xd0 /opt/devkitpro/libogc/lib/wii/libbte.a(hci.o)
                0x8000f34c                hci_write_page_timeout
 .text.hci_write_scan_enable
                0x8000f41c       0xbc /opt/devkitpro/libogc/lib/wii/libbte.a(hci.o)
                0x8000f41c                hci_write_scan_enable
 .text.hci_accecpt_conn_request
                0x8000f4d8       0xe0 /opt/devkitpro/libogc/lib/wii/libbte.a(hci.o)
                0x8000f4d8                hci_accecpt_conn_request
 .text.hci_write_local_name
                0x8000f5b8       0xd8 /opt/devkitpro/libogc/lib/wii/libbte.a(hci.o)
                0x8000f5b8                hci_write_local_name
 .text.hci_write_pin_type
                0x8000f690       0xbc /opt/devkitpro/libogc/lib/wii/libbte.a(hci.o)
                0x8000f690                hci_write_pin_type
 .text.hci_write_inquiry_mode
                0x8000f74c       0xbc /opt/devkitpro/libogc/lib/wii/libbte.a(hci.o)
                0x8000f74c                hci_write_inquiry_mode
 .text.hci_write_page_scan_type
                0x8000f808       0xbc /opt/devkitpro/libogc/lib/wii/libbte.a(hci.o)
                0x8000f808                hci_write_page_scan_type
 .text.hci_write_inquiry_scan_type
                0x8000f8c4       0xbc /opt/devkitpro/libogc/lib/wii/libbte.a(hci.o)
                0x8000f8c4                hci_write_inquiry_scan_type
 .text.hci_vendor_specific_command
                0x8000f980       0xe8 /opt/devkitpro/libogc/lib/wii/libbte.a(hci.o)
                0x8000f980                hci_vendor_specific_command
 .text.hci_write_link_policy_settings
                0x8000fa68      0x104 /opt/devkitpro/libogc/lib/wii/libbte.a(hci.o)
                0x8000fa68                hci_write_link_policy_settings
 .text.hci_pin_code_request_neg_reply
                0x8000fb6c       0xcc /opt/devkitpro/libogc/lib/wii/libbte.a(hci.o)
                0x8000fb6c                hci_pin_code_request_neg_reply
 .text.hci_link_key_req_neg_reply
                0x8000fc38       0xcc /opt/devkitpro/libogc/lib/wii/libbte.a(hci.o)
                0x8000fc38                hci_link_key_req_neg_reply
 .text.hci_disconnect
                0x8000fd04       0xfc /opt/devkitpro/libogc/lib/wii/libbte.a(hci.o)
                0x8000fd04                hci_disconnect
 .text.hci_write_cod
                0x8000fe00       0xcc /opt/devkitpro/libogc/lib/wii/libbte.a(hci.o)
                0x8000fe00                hci_write_cod
 .text.hci_host_buffer_size
                0x8000fecc      0x10c /opt/devkitpro/libogc/lib/wii/libbte.a(hci.o)
                0x8000fecc                hci_host_buffer_size
 .text.hci_host_num_comp_packets
                0x8000ffd8      0x108 /opt/devkitpro/libogc/lib/wii/libbte.a(hci.o)
                0x8000ffd8                hci_host_num_comp_packets
 .text.lp_pdu_maxsize
                0x800100e0        0xc /opt/devkitpro/libogc/lib/wii/libbte.a(hci.o)
                0x800100e0                lp_pdu_maxsize
 .text.lp_acl_write
                0x800100ec      0x158 /opt/devkitpro/libogc/lib/wii/libbte.a(hci.o)
                0x800100ec                lp_acl_write
 .text.lp_write_flush_timeout
                0x80010244      0x104 /opt/devkitpro/libogc/lib/wii/libbte.a(hci.o)
                0x80010244                lp_write_flush_timeout
 .text.hci_event_handler
                0x80010348      0xc7c /opt/devkitpro/libogc/lib/wii/libbte.a(hci.o)
                0x80010348                hci_event_handler
 .text.hci_acldata_handler
                0x80010fc4      0x11c /opt/devkitpro/libogc/lib/wii/libbte.a(hci.o)
                0x80010fc4                hci_acldata_handler
 .text.l2cap_init
                0x800110e0       0x60 /opt/devkitpro/libogc/lib/wii/libbte.a(l2cap.o)
                0x800110e0                l2cap_init
 .text.l2cap_write
                0x80011140      0x1a0 /opt/devkitpro/libogc/lib/wii/libbte.a(l2cap.o)
                0x80011140                l2cap_write
 .text.l2cap_new
                0x800112e0       0x60 /opt/devkitpro/libogc/lib/wii/libbte.a(l2cap.o)
                0x800112e0                l2cap_new
 .text.l2cap_close
                0x80011340      0x1d4 /opt/devkitpro/libogc/lib/wii/libbte.a(l2cap.o)
                0x80011340                l2cap_close
 .text.l2cap_reset_all
                0x80011514      0x154 /opt/devkitpro/libogc/lib/wii/libbte.a(l2cap.o)
                0x80011514                l2cap_reset_all
 .text.l2cap_signal
                0x80011668      0x204 /opt/devkitpro/libogc/lib/wii/libbte.a(l2cap.o)
                0x80011668                l2cap_signal
 .text.l2ca_config_req
                0x8001186c      0x158 /opt/devkitpro/libogc/lib/wii/libbte.a(l2cap.o)
                0x8001186c                l2ca_config_req
 .text.l2ca_disconnect_req
                0x800119c4       0xcc /opt/devkitpro/libogc/lib/wii/libbte.a(l2cap.o)
                0x800119c4                l2ca_disconnect_req
 .text.l2cap_tmr
                0x80011a90      0x260 /opt/devkitpro/libogc/lib/wii/libbte.a(l2cap.o)
                0x80011a90                l2cap_tmr
 .text.l2cap_process_sig
                0x80011cf0     0x1334 /opt/devkitpro/libogc/lib/wii/libbte.a(l2cap.o)
                0x80011cf0                l2cap_process_sig
 .text.l2cap_input
                0x80013024      0x578 /opt/devkitpro/libogc/lib/wii/libbte.a(l2cap.o)
                0x80013024                l2cap_input
 .text.l2ca_datawrite
                0x8001359c      0x128 /opt/devkitpro/libogc/lib/wii/libbte.a(l2cap.o)
                0x8001359c                l2ca_datawrite
 .text.lp_connect_cfm
                0x800136c4      0x184 /opt/devkitpro/libogc/lib/wii/libbte.a(l2cap.o)
                0x800136c4                lp_connect_cfm
 .text.lp_connect_ind
                0x80013848        0x4 /opt/devkitpro/libogc/lib/wii/libbte.a(l2cap.o)
                0x80013848                lp_connect_ind
 .text.lp_disconnect_ind
                0x8001384c      0x124 /opt/devkitpro/libogc/lib/wii/libbte.a(l2cap.o)
                0x8001384c                lp_disconnect_ind
 .text.l2cap_disconnect_bb
                0x80013970       0x10 /opt/devkitpro/libogc/lib/wii/libbte.a(l2cap.o)
                0x80013970                l2cap_disconnect_bb
 .text.l2cap_arg
                0x80013980        0x8 /opt/devkitpro/libogc/lib/wii/libbte.a(l2cap.o)
                0x80013980                l2cap_arg
 .text.l2cap_connect_ind
                0x80013988      0x104 /opt/devkitpro/libogc/lib/wii/libbte.a(l2cap.o)
                0x80013988                l2cap_connect_ind
 .text.l2cap_disconnect_ind
                0x80013a8c        0x8 /opt/devkitpro/libogc/lib/wii/libbte.a(l2cap.o)
                0x80013a8c                l2cap_disconnect_ind
 .text.l2cap_recv
                0x80013a94        0x8 /opt/devkitpro/libogc/lib/wii/libbte.a(l2cap.o)
                0x80013a94                l2cap_recv
 .text.btmemb_init
                0x80013a9c       0x24 /opt/devkitpro/libogc/lib/wii/libbte.a(btmemb.o)
                0x80013a9c                btmemb_init
 .text.btmemb_alloc
                0x80013ac0       0x98 /opt/devkitpro/libogc/lib/wii/libbte.a(btmemb.o)
                0x80013ac0                btmemb_alloc
 .text.btmemb_free
                0x80013b58      0x114 /opt/devkitpro/libogc/lib/wii/libbte.a(btmemb.o)
                0x80013b58                btmemb_free
 .text.plug_holes
                0x80013c6c       0xac /opt/devkitpro/libogc/lib/wii/libbte.a(btmemr.o)
 .text.btmemr_init
                0x80013d18       0xa4 /opt/devkitpro/libogc/lib/wii/libbte.a(btmemr.o)
                0x80013d18                btmemr_init
 .text.btmemr_malloc
                0x80013dbc      0x17c /opt/devkitpro/libogc/lib/wii/libbte.a(btmemr.o)
                0x80013dbc                btmemr_malloc
 .text.btmemr_free
                0x80013f38       0x98 /opt/devkitpro/libogc/lib/wii/libbte.a(btmemr.o)
                0x80013f38                btmemr_free
 .text.btmemr_realloc
                0x80013fd0      0x108 /opt/devkitpro/libogc/lib/wii/libbte.a(btmemr.o)
                0x80013fd0                btmemr_realloc
 .text.btpbuf_init
                0x800140d8       0x28 /opt/devkitpro/libogc/lib/wii/libbte.a(btpbuf.o)
                0x800140d8                btpbuf_init
 .text.btpbuf_free
                0x80014100      0x11c /opt/devkitpro/libogc/lib/wii/libbte.a(btpbuf.o)
                0x80014100                btpbuf_free
 .text.btpbuf_alloc
                0x8001421c      0x250 /opt/devkitpro/libogc/lib/wii/libbte.a(btpbuf.o)
                0x8001421c                btpbuf_alloc
 .text.btpbuf_realloc
                0x8001446c      0x110 /opt/devkitpro/libogc/lib/wii/libbte.a(btpbuf.o)
                0x8001446c                btpbuf_realloc
 .text.btpbuf_header
                0x8001457c       0x84 /opt/devkitpro/libogc/lib/wii/libbte.a(btpbuf.o)
                0x8001457c                btpbuf_header
 .text.btpbuf_ref
                0x80014600       0x48 /opt/devkitpro/libogc/lib/wii/libbte.a(btpbuf.o)
                0x80014600                btpbuf_ref
 .text.btpbuf_chain
                0x80014648       0x9c /opt/devkitpro/libogc/lib/wii/libbte.a(btpbuf.o)
                0x80014648                btpbuf_chain
 .text.btpbuf_dechain
                0x800146e4       0x7c /opt/devkitpro/libogc/lib/wii/libbte.a(btpbuf.o)
                0x800146e4                btpbuf_dechain
 .text.btpbuf_take
                0x80014760      0x13c /opt/devkitpro/libogc/lib/wii/libbte.a(btpbuf.o)
                0x80014760                btpbuf_take
 .text.__usb_closeCB
                0x8001489c       0x10 /opt/devkitpro/libogc/lib/wii/libbte.a(physbusif.o)
 .text.__writebulkmsgCB
                0x800148ac       0x3c /opt/devkitpro/libogc/lib/wii/libbte.a(physbusif.o)
 .text.__writectrlmsgCB
                0x800148e8       0x3c /opt/devkitpro/libogc/lib/wii/libbte.a(physbusif.o)
 .text.__issue_intrread.part.0
                0x80014924       0x80 /opt/devkitpro/libogc/lib/wii/libbte.a(physbusif.o)
 .text.__readintrdataCB
                0x800149a4      0x148 /opt/devkitpro/libogc/lib/wii/libbte.a(physbusif.o)
 .text.__issue_bulkread.part.0
                0x80014aec       0x80 /opt/devkitpro/libogc/lib/wii/libbte.a(physbusif.o)
 .text.__readbulkdataCB
                0x80014b6c      0x148 /opt/devkitpro/libogc/lib/wii/libbte.a(physbusif.o)
 .text.physbusif_init
                0x80014cb4      0x1ec /opt/devkitpro/libogc/lib/wii/libbte.a(physbusif.o)
                0x80014cb4                physbusif_init
 .text.physbusif_close
                0x80014ea0       0x20 /opt/devkitpro/libogc/lib/wii/libbte.a(physbusif.o)
                0x80014ea0                physbusif_close
 .text.physbusif_shutdown
                0x80014ec0       0x24 /opt/devkitpro/libogc/lib/wii/libbte.a(physbusif.o)
                0x80014ec0                physbusif_shutdown
 .text.physbusif_reset_all
                0x80014ee4        0x4 /opt/devkitpro/libogc/lib/wii/libbte.a(physbusif.o)
                0x80014ee4                physbusif_reset_all
 .text.physbusif_output
                0x80014ee8      0x1c4 /opt/devkitpro/libogc/lib/wii/libbte.a(physbusif.o)
                0x80014ee8                physbusif_output
 .text.__console_clear_line
                0x800150ac       0xb4 /opt/devkitpro/libogc/lib/wii/libogc.a(console.o)
 .text.__console_clear
                0x80015160       0xbc /opt/devkitpro/libogc/lib/wii/libogc.a(console.o)
 .text.__console_write
                0x8001521c      0x82c /opt/devkitpro/libogc/lib/wii/libogc.a(console.o)
                0x8001521c                __console_write
 .text.__console_init
                0x80015a48      0x120 /opt/devkitpro/libogc/lib/wii/libogc.a(console.o)
                0x80015a48                __console_init
 .text.CON_Init
                0x80015b68        0x4 /opt/devkitpro/libogc/lib/wii/libogc.a(console.o)
                0x80015b68                CON_Init
 .text.CON_EnableGecko
                0x80015b6c      0x100 /opt/devkitpro/libogc/lib/wii/libogc.a(console.o)
                0x80015b6c                CON_EnableGecko
 .text.__lwp_queue_initialize
                0x80015c6c       0x98 /opt/devkitpro/libogc/lib/wii/libogc.a(lwp_queue.o)
                0x80015c6c                __lwp_queue_initialize
 .text.__lwp_queue_get
                0x80015d04       0x74 /opt/devkitpro/libogc/lib/wii/libogc.a(lwp_queue.o)
                0x80015d04                __lwp_queue_get
 .text.__lwp_queue_append
                0x80015d78       0x4c /opt/devkitpro/libogc/lib/wii/libogc.a(lwp_queue.o)
                0x80015d78                __lwp_queue_append
 .text.__syscall_getreent
                0x80015dc4       0x24 /opt/devkitpro/libogc/lib/wii/libogc.a(lwp_threads.o)
                0x80015dc4                __syscall_getreent
 .text.__lwp_isr_in_progress
                0x80015de8        0x8 /opt/devkitpro/libogc/lib/wii/libogc.a(lwp_threads.o)
                0x80015de8                __lwp_isr_in_progress
 .text.__thread_dispatch_fp
                0x80015df0       0x88 /opt/devkitpro/libogc/lib/wii/libogc.a(lwp_threads.o)
                0x80015df0                __thread_dispatch_fp
 .text.__thread_dispatch
                0x80015e78       0xf4 /opt/devkitpro/libogc/lib/wii/libogc.a(lwp_threads.o)
                0x80015e78                __thread_dispatch
 .text.__lwp_thread_resettimeslice
                0x80015f6c       0xb4 /opt/devkitpro/libogc/lib/wii/libogc.a(lwp_threads.o)
                0x80015f6c                __lwp_thread_resettimeslice
 .text.__lwp_thread_tickle_timeslice
                0x80016020       0xc8 /opt/devkitpro/libogc/lib/wii/libogc.a(lwp_threads.o)
                0x80016020                __lwp_thread_tickle_timeslice
 .text.__lwp_thread_setstate
                0x800160e8      0x16c /opt/devkitpro/libogc/lib/wii/libogc.a(lwp_threads.o)
                0x800160e8                __lwp_thread_setstate
 .text.__lwp_thread_clearstate
                0x80016254       0xe4 /opt/devkitpro/libogc/lib/wii/libogc.a(lwp_threads.o)
                0x80016254                __lwp_thread_clearstate
 .text.__lwp_thread_delayended
                0x80016338       0x48 /opt/devkitpro/libogc/lib/wii/libogc.a(lwp_threads.o)
                0x80016338                __lwp_thread_delayended
 .text.__lwp_thread_settransient
                0x80016380       0xb4 /opt/devkitpro/libogc/lib/wii/libogc.a(lwp_threads.o)
                0x80016380                __lwp_thread_settransient
 .text.__lwp_thread_changepriority
                0x80016434      0x1f8 /opt/devkitpro/libogc/lib/wii/libogc.a(lwp_threads.o)
                0x80016434                __lwp_thread_changepriority
 .text.__lwp_thread_ready
                0x8001662c       0xf0 /opt/devkitpro/libogc/lib/wii/libogc.a(lwp_threads.o)
                0x8001662c                __lwp_thread_ready
 .text.__lwp_thread_init
                0x8001671c      0x160 /opt/devkitpro/libogc/lib/wii/libogc.a(lwp_threads.o)
                0x8001671c                __lwp_thread_init
 .text.__lwp_thread_close
                0x8001687c      0x144 /opt/devkitpro/libogc/lib/wii/libogc.a(lwp_threads.o)
                0x8001687c                __lwp_thread_close
 .text.__lwp_thread_handler
                0x800169c0       0xc0 /opt/devkitpro/libogc/lib/wii/libogc.a(lwp_threads.o)
 .text.__lwp_thread_closeall
                0x80016a80       0xb0 /opt/devkitpro/libogc/lib/wii/libogc.a(lwp_threads.o)
                0x80016a80                __lwp_thread_closeall
 .text.__lwp_thread_start
                0x80016b30      0x150 /opt/devkitpro/libogc/lib/wii/libogc.a(lwp_threads.o)
                0x80016b30                __lwp_thread_start
 .text.__lwp_thread_startmultitasking
                0x80016c80       0xac /opt/devkitpro/libogc/lib/wii/libogc.a(lwp_threads.o)
                0x80016c80                __lwp_thread_startmultitasking
 .text.__lwp_thread_stopmultitasking
                0x80016d2c       0x58 /opt/devkitpro/libogc/lib/wii/libogc.a(lwp_threads.o)
                0x80016d2c                __lwp_thread_stopmultitasking
 .text.__lwp_thread_coreinit
                0x80016d84       0xc4 /opt/devkitpro/libogc/lib/wii/libogc.a(lwp_threads.o)
                0x80016d84                __lwp_thread_coreinit
 .text.idle_func
                0x80016e48        0x4 /opt/devkitpro/libogc/lib/wii/libogc.a(lwp.o)
 .text.__lwp_sysinit
                0x80016e4c      0x114 /opt/devkitpro/libogc/lib/wii/libogc.a(lwp.o)
                0x80016e4c                __lwp_sysinit
 .text.LWP_InitQueue
                0x80016f60      0x140 /opt/devkitpro/libogc/lib/wii/libogc.a(lwp.o)
                0x80016f60                LWP_InitQueue
 .text.LWP_CloseQueue
                0x800170a0       0xd4 /opt/devkitpro/libogc/lib/wii/libogc.a(lwp.o)
                0x800170a0                LWP_CloseQueue
 .text.LWP_ThreadSleep
                0x80017174       0xf8 /opt/devkitpro/libogc/lib/wii/libogc.a(lwp.o)
                0x80017174                LWP_ThreadSleep
 .text.LWP_ThreadBroadcast
                0x8001726c       0x88 /opt/devkitpro/libogc/lib/wii/libogc.a(lwp.o)
                0x8001726c                LWP_ThreadBroadcast
 .text.LWP_ThreadSignal
                0x800172f4       0x74 /opt/devkitpro/libogc/lib/wii/libogc.a(lwp.o)
                0x800172f4                LWP_ThreadSignal
 .text.__lwp_stack_allocate
                0x80017368       0x60 /opt/devkitpro/libogc/lib/wii/libogc.a(lwp_stack.o)
                0x80017368                __lwp_stack_allocate
 .text.__lwp_stack_free
                0x800173c8       0x1c /opt/devkitpro/libogc/lib/wii/libogc.a(lwp_stack.o)
                0x800173c8                __lwp_stack_free
 .text.__lwp_wd_settimer
                0x800173e4       0xe0 /opt/devkitpro/libogc/lib/wii/libogc.a(lwp_watchdog.o)
 .text.__lwp_watchdog_init
                0x800174c4       0x2c /opt/devkitpro/libogc/lib/wii/libogc.a(lwp_watchdog.o)
                0x800174c4                __lwp_watchdog_init
 .text.__lwp_wd_insert
                0x800174f0      0x194 /opt/devkitpro/libogc/lib/wii/libogc.a(lwp_watchdog.o)
                0x800174f0                __lwp_wd_insert
 .text.__lwp_wd_remove
                0x80017684      0x138 /opt/devkitpro/libogc/lib/wii/libogc.a(lwp_watchdog.o)
                0x80017684                __lwp_wd_remove
 .text.__lwp_wd_tickle
                0x800177bc      0x120 /opt/devkitpro/libogc/lib/wii/libogc.a(lwp_watchdog.o)
                0x800177bc                __lwp_wd_tickle
 .text.__lwp_wkspace_init
                0x800178dc       0xc0 /opt/devkitpro/libogc/lib/wii/libogc.a(lwp_wkspace.o)
                0x800178dc                __lwp_wkspace_init
 .text.__lwp_objmgr_initinfo
                0x8001799c      0x1a0 /opt/devkitpro/libogc/lib/wii/libogc.a(lwp_objmgr.o)
                0x8001799c                __lwp_objmgr_initinfo
 .text.__lwp_objmgr_getisrdisable
                0x80017b3c       0x60 /opt/devkitpro/libogc/lib/wii/libogc.a(lwp_objmgr.o)
                0x80017b3c                __lwp_objmgr_getisrdisable
 .text.__lwp_objmgr_getnoprotection
                0x80017b9c       0x24 /opt/devkitpro/libogc/lib/wii/libogc.a(lwp_objmgr.o)
                0x80017b9c                __lwp_objmgr_getnoprotection
 .text.__lwp_objmgr_get
                0x80017bc0       0x6c /opt/devkitpro/libogc/lib/wii/libogc.a(lwp_objmgr.o)
                0x80017bc0                __lwp_objmgr_get
 .text.__lwp_objmgr_allocate
                0x80017c2c       0x88 /opt/devkitpro/libogc/lib/wii/libogc.a(lwp_objmgr.o)
                0x80017c2c                __lwp_objmgr_allocate
 .text.__lwp_objmgr_free
                0x80017cb4       0x60 /opt/devkitpro/libogc/lib/wii/libogc.a(lwp_objmgr.o)
                0x80017cb4                __lwp_objmgr_free
 .text.__lwp_heap_init
                0x80017d14       0xa4 /opt/devkitpro/libogc/lib/wii/libogc.a(lwp_heap.o)
                0x80017d14                __lwp_heap_init
 .text.__lwp_heap_allocate
                0x80017db8      0x160 /opt/devkitpro/libogc/lib/wii/libogc.a(lwp_heap.o)
                0x80017db8                __lwp_heap_allocate
 .text.__lwp_heap_free
                0x80017f18      0x188 /opt/devkitpro/libogc/lib/wii/libogc.a(lwp_heap.o)
                0x80017f18                __lwp_heap_free
 .text.__SetInterrupts
                0x800180a0      0x268 /opt/devkitpro/libogc/lib/wii/libogc.a(irq.o)
 .text.c_irqdispatcher
                0x80018308      0x278 /opt/devkitpro/libogc/lib/wii/libogc.a(irq.o)
                0x80018308                c_irqdispatcher
 .text.__UnmaskIrq
                0x80018580       0x84 /opt/devkitpro/libogc/lib/wii/libogc.a(irq.o)
                0x80018580                __UnmaskIrq
 .text.__MaskIrq
                0x80018604       0x84 /opt/devkitpro/libogc/lib/wii/libogc.a(irq.o)
                0x80018604                __MaskIrq
 .text.__irq_init
                0x80018688       0x84 /opt/devkitpro/libogc/lib/wii/libogc.a(irq.o)
                0x80018688                __irq_init
 .text.IRQ_Request
                0x8001870c       0x50 /opt/devkitpro/libogc/lib/wii/libogc.a(irq.o)
                0x8001870c                IRQ_Request
 .text.IRQ_GetHandler
                0x8001875c       0x44 /opt/devkitpro/libogc/lib/wii/libogc.a(irq.o)
                0x8001875c                IRQ_GetHandler
 .text.IRQ_Disable
                0x800187a0       0x1c /opt/devkitpro/libogc/lib/wii/libogc.a(irq.o)
                0x800187a0                IRQ_Disable
 .text.IRQ_Restore
                0x800187bc       0x1c /opt/devkitpro/libogc/lib/wii/libogc.a(irq.o)
                0x800187bc                IRQ_Restore
 .text.__VISendI2CData.constprop.0.isra.0
                0x800187d8      0x450 /opt/devkitpro/libogc/lib/wii/libogc.a(video.o)
 .text.__setFbbRegs.constprop.0
                0x80018c28      0x190 /opt/devkitpro/libogc/lib/wii/libogc.a(video.o)
 .text.__VISetYUVSEL
                0x80018db8       0xb8 /opt/devkitpro/libogc/lib/wii/libogc.a(video.o)
 .text.VIDEO_Configure
                0x80018e70      0x5ec /opt/devkitpro/libogc/lib/wii/libogc.a(video.o)
                0x80018e70                VIDEO_Configure
 .text.VIDEO_WaitVSync
                0x8001945c       0x74 /opt/devkitpro/libogc/lib/wii/libogc.a(video.o)
                0x8001945c                VIDEO_WaitVSync
 .text.VIDEO_SetFramebuffer
                0x800194d0      0x108 /opt/devkitpro/libogc/lib/wii/libogc.a(video.o)
                0x800194d0                VIDEO_SetFramebuffer
 .text.VIDEO_SetNextFramebuffer
                0x800195d8       0x70 /opt/devkitpro/libogc/lib/wii/libogc.a(video.o)
                0x800195d8                VIDEO_SetNextFramebuffer
 .text.VIDEO_Flush
                0x80019648       0xf4 /opt/devkitpro/libogc/lib/wii/libogc.a(video.o)
                0x80019648                VIDEO_Flush
 .text.VIDEO_SetBlack
                0x8001973c      0x15c /opt/devkitpro/libogc/lib/wii/libogc.a(video.o)
                0x8001973c                VIDEO_SetBlack
 .text.VIDEO_GetCurrentTvMode
                0x80019898       0x78 /opt/devkitpro/libogc/lib/wii/libogc.a(video.o)
                0x80019898                VIDEO_GetCurrentTvMode
 .text.__VIRetraceHandler
                0x80019910      0x298 /opt/devkitpro/libogc/lib/wii/libogc.a(video.o)
 .text.__VISetupEncoder
                0x80019ba8      0x2cc /opt/devkitpro/libogc/lib/wii/libogc.a(video.o)
 .text.VIDEO_Init
                0x80019e74      0x4e4 /opt/devkitpro/libogc/lib/wii/libogc.a(video.o)
                0x80019e74                VIDEO_Init
 .text.VIDEO_GetPreferredMode
                0x8001a358      0x108 /opt/devkitpro/libogc/lib/wii/libogc.a(video.o)
                0x8001a358                VIDEO_GetPreferredMode
 .text.VIDEO_GetCurrentLine
                0x8001a460       0x9c /opt/devkitpro/libogc/lib/wii/libogc.a(video.o)
                0x8001a460                VIDEO_GetCurrentLine
 .text.VIDEO_GetFrameBufferSize
                0x8001a4fc       0x34 /opt/devkitpro/libogc/lib/wii/libogc.a(video.o)
                0x8001a4fc                VIDEO_GetFrameBufferSize
 .text.__call_resetfuncs
                0x8001a530       0xbc /opt/devkitpro/libogc/lib/wii/libogc.a(system.o)
 .text.__MEMInterruptHandler
                0x8001a5ec       0x14 /opt/devkitpro/libogc/lib/wii/libogc.a(system.o)
 .text.__RSWDefaultHandler
                0x8001a600        0x4 /opt/devkitpro/libogc/lib/wii/libogc.a(system.o)
 .text.__POWDefaultHandler
                0x8001a604        0x4 /opt/devkitpro/libogc/lib/wii/libogc.a(system.o)
 .text.__STMEventHandler
                0x8001a608      0x104 /opt/devkitpro/libogc/lib/wii/libogc.a(system.o)
 .text.__getrtc
                0x8001a70c      0x13c /opt/devkitpro/libogc/lib/wii/libogc.a(system.o)
 .text.__sram_write
                0x8001a848      0x130 /opt/devkitpro/libogc/lib/wii/libogc.a(system.o)
 .text.__sram_writecallback
                0x8001a978       0x54 /opt/devkitpro/libogc/lib/wii/libogc.a(system.o)
 .text.__mem_onreset
                0x8001a9cc       0x48 /opt/devkitpro/libogc/lib/wii/libogc.a(system.o)
 .text.__unlocksram
                0x8001aa14      0x174 /opt/devkitpro/libogc/lib/wii/libogc.a(system.o)
 .text.__sys_alarmhandler
                0x8001ab88      0x154 /opt/devkitpro/libogc/lib/wii/libogc.a(system.o)
 .text.__syscall_malloc_lock
                0x8001acdc        0x4 /opt/devkitpro/libogc/lib/wii/libogc.a(system.o)
                0x8001acdc                __syscall_malloc_lock
 .text.__syscall_malloc_unlock
                0x8001ace0        0x4 /opt/devkitpro/libogc/lib/wii/libogc.a(system.o)
                0x8001ace0                __syscall_malloc_unlock
 .text.__syscall_nanosleep
                0x8001ace4        0x4 /opt/devkitpro/libogc/lib/wii/libogc.a(system.o)
                0x8001ace4                __syscall_nanosleep
 .text.__SYS_GetRTC
                0x8001ace8       0xa0 /opt/devkitpro/libogc/lib/wii/libogc.a(system.o)
                0x8001ace8                __SYS_GetRTC
 .text.__SYS_SetBootTime
                0x8001ad88      0x108 /opt/devkitpro/libogc/lib/wii/libogc.a(system.o)
                0x8001ad88                __SYS_SetBootTime
 .text.__SYS_GetIPCBufferLo
                0x8001ae90        0x8 /opt/devkitpro/libogc/lib/wii/libogc.a(system.o)
                0x8001ae90                __SYS_GetIPCBufferLo
 .text.__SYS_GetIPCBufferHi
                0x8001ae98        0x8 /opt/devkitpro/libogc/lib/wii/libogc.a(system.o)
                0x8001ae98                __SYS_GetIPCBufferHi
 .text.__SYS_DoPowerCB
                0x8001aea0       0x74 /opt/devkitpro/libogc/lib/wii/libogc.a(system.o)
                0x8001aea0                __SYS_DoPowerCB
 .text.__SYS_PreInit
                0x8001af14        0x4 /opt/devkitpro/libogc/lib/wii/libogc.a(system.o)
                0x8001af14                __SYS_PreInit
 .text.SYS_PreMain
                0x8001af18       0x7c /opt/devkitpro/libogc/lib/wii/libogc.a(system.o)
                0x8001af18                SYS_PreMain
 .text.SYS_ResetButtonDown
                0x8001af94       0x18 /opt/devkitpro/libogc/lib/wii/libogc.a(system.o)
                0x8001af94                SYS_ResetButtonDown
 .text.SYS_ResetSystem
                0x8001afac      0x210 /opt/devkitpro/libogc/lib/wii/libogc.a(system.o)
                0x8001afac                SYS_ResetSystem
 .text.__reload
                0x8001b1bc       0x80 /opt/devkitpro/libogc/lib/wii/libogc.a(system.o)
                0x8001b1bc                __reload
 .text.__syscall_exit
                0x8001b23c       0x88 /opt/devkitpro/libogc/lib/wii/libogc.a(system.o)
                0x8001b23c                __syscall_exit
 .text.SYS_RegisterResetFunc
                0x8001b2c4       0x78 /opt/devkitpro/libogc/lib/wii/libogc.a(system.o)
                0x8001b2c4                SYS_RegisterResetFunc
 .text.SYS_SetArena1Lo
                0x8001b33c       0x38 /opt/devkitpro/libogc/lib/wii/libogc.a(system.o)
                0x8001b33c                SYS_SetArena1Lo
 .text.SYS_GetArena1Lo
                0x8001b374       0x38 /opt/devkitpro/libogc/lib/wii/libogc.a(system.o)
                0x8001b374                SYS_GetArena1Lo
 .text.SYS_GetArena1Hi
                0x8001b3ac       0x38 /opt/devkitpro/libogc/lib/wii/libogc.a(system.o)
                0x8001b3ac                SYS_GetArena1Hi
 .text.SYS_SetArena2Lo
                0x8001b3e4       0x38 /opt/devkitpro/libogc/lib/wii/libogc.a(system.o)
                0x8001b3e4                SYS_SetArena2Lo
 .text.SYS_GetArena2Lo
                0x8001b41c       0x38 /opt/devkitpro/libogc/lib/wii/libogc.a(system.o)
                0x8001b41c                SYS_GetArena2Lo
 .text.SYS_SetArena2Hi
                0x8001b454       0x38 /opt/devkitpro/libogc/lib/wii/libogc.a(system.o)
                0x8001b454                SYS_SetArena2Hi
 .text.SYS_GetArena2Hi
                0x8001b48c       0x38 /opt/devkitpro/libogc/lib/wii/libogc.a(system.o)
                0x8001b48c                SYS_GetArena2Hi
 .text.SYS_AllocateFramebuffer
                0x8001b4c4       0x28 /opt/devkitpro/libogc/lib/wii/libogc.a(system.o)
                0x8001b4c4                SYS_AllocateFramebuffer
 .text.SYS_CreateAlarm
                0x8001b4ec       0xf0 /opt/devkitpro/libogc/lib/wii/libogc.a(system.o)
                0x8001b4ec                SYS_CreateAlarm
 .text.SYS_SetAlarm
                0x8001b5dc      0x1e0 /opt/devkitpro/libogc/lib/wii/libogc.a(system.o)
                0x8001b5dc                SYS_SetAlarm
 .text.SYS_SetPeriodicAlarm
                0x8001b7bc      0x270 /opt/devkitpro/libogc/lib/wii/libogc.a(system.o)
                0x8001b7bc                SYS_SetPeriodicAlarm
 .text.SYS_RemoveAlarm
                0x8001ba2c      0x10c /opt/devkitpro/libogc/lib/wii/libogc.a(system.o)
                0x8001ba2c                SYS_RemoveAlarm
 .text.SYS_CancelAlarm
                0x8001bb38       0xbc /opt/devkitpro/libogc/lib/wii/libogc.a(system.o)
                0x8001bb38                SYS_CancelAlarm
 .text.SYS_GetWirelessID
                0x8001bbf4       0x94 /opt/devkitpro/libogc/lib/wii/libogc.a(system.o)
                0x8001bbf4                SYS_GetWirelessID
 .text.SYS_SetWirelessID
                0x8001bc88       0x90 /opt/devkitpro/libogc/lib/wii/libogc.a(system.o)
                0x8001bc88                SYS_SetWirelessID
 .text.SYS_SetGBSMode
                0x8001bd18       0xa8 /opt/devkitpro/libogc/lib/wii/libogc.a(system.o)
                0x8001bd18                SYS_SetGBSMode
 .text.__sram_init
                0x8001bdc0      0x1b8 /opt/devkitpro/libogc/lib/wii/libogc.a(system.o)
                0x8001bdc0                __sram_init
 .text.SYS_Init
                0x8001bf78      0x5e8 /opt/devkitpro/libogc/lib/wii/libogc.a(system.o)
                0x8001bf78                SYS_Init
 .text.SYS_GetHollywoodRevision
                0x8001c560       0x3c /opt/devkitpro/libogc/lib/wii/libogc.a(system.o)
                0x8001c560                SYS_GetHollywoodRevision
 .text.SYS_Time
                0x8001c59c       0x78 /opt/devkitpro/libogc/lib/wii/libogc.a(system.o)
                0x8001c59c                SYS_Time
 .text.__lwp_cond_init
                0x8001c614       0x14 /opt/devkitpro/libogc/lib/wii/libogc.a(cond.o)
                0x8001c614                __lwp_cond_init
 .text.__decrementer_init
                0x8001c628        0x4 /opt/devkitpro/libogc/lib/wii/libogc.a(decrementer.o)
                0x8001c628                __decrementer_init
 .text.c_decrementer_handler
                0x8001c62c        0xc /opt/devkitpro/libogc/lib/wii/libogc.a(decrementer.o)
                0x8001c62c                c_decrementer_handler
 .text.__lwp_mqbox_init
                0x8001c638       0x14 /opt/devkitpro/libogc/lib/wii/libogc.a(message.o)
                0x8001c638                __lwp_mqbox_init
 .text.__si_transfer
                0x8001c64c      0x1a4 /opt/devkitpro/libogc/lib/wii/libogc.a(si.o)
 .text.__si_alarmhandler
                0x8001c7f0       0xdc /opt/devkitpro/libogc/lib/wii/libogc.a(si.o)
 .text.__si_completetransfer
                0x8001c8cc      0x1fc /opt/devkitpro/libogc/lib/wii/libogc.a(si.o)
 .text.__si_transfernext
                0x8001cac8       0xe0 /opt/devkitpro/libogc/lib/wii/libogc.a(si.o)
 .text.SI_Busy  0x8001cba8       0x18 /opt/devkitpro/libogc/lib/wii/libogc.a(si.o)
                0x8001cba8                SI_Busy
 .text.SI_IsChanBusy
                0x8001cbc0       0x38 /opt/devkitpro/libogc/lib/wii/libogc.a(si.o)
                0x8001cbc0                SI_IsChanBusy
 .text.SI_SetXY
                0x8001cbf8       0x64 /opt/devkitpro/libogc/lib/wii/libogc.a(si.o)
                0x8001cbf8                SI_SetXY
 .text.SI_EnablePolling
                0x8001cc5c       0x80 /opt/devkitpro/libogc/lib/wii/libogc.a(si.o)
                0x8001cc5c                SI_EnablePolling
 .text.SI_DisablePolling
                0x8001ccdc       0x58 /opt/devkitpro/libogc/lib/wii/libogc.a(si.o)
                0x8001ccdc                SI_DisablePolling
 .text.SI_SetSamplingRate
                0x8001cd34       0xd8 /opt/devkitpro/libogc/lib/wii/libogc.a(si.o)
                0x8001cd34                SI_SetSamplingRate
 .text.SI_RefreshSamplingRate
                0x8001ce0c        0x8 /opt/devkitpro/libogc/lib/wii/libogc.a(si.o)
                0x8001ce0c                SI_RefreshSamplingRate
 .text.SI_GetStatus
                0x8001ce14       0x78 /opt/devkitpro/libogc/lib/wii/libogc.a(si.o)
                0x8001ce14                SI_GetStatus
 .text.SI_GetResponseRaw
                0x8001ce8c       0xe8 /opt/devkitpro/libogc/lib/wii/libogc.a(si.o)
                0x8001ce8c                SI_GetResponseRaw
 .text.SI_GetResponse
                0x8001cf74       0xb8 /opt/devkitpro/libogc/lib/wii/libogc.a(si.o)
                0x8001cf74                SI_GetResponse
 .text.SI_SetCommand
                0x8001d02c       0x10 /opt/devkitpro/libogc/lib/wii/libogc.a(si.o)
                0x8001d02c                SI_SetCommand
 .text.SI_Transfer
                0x8001d03c      0x26c /opt/devkitpro/libogc/lib/wii/libogc.a(si.o)
                0x8001d03c                SI_Transfer
 .text.__si_gettypecallback
                0x8001d2a8      0x2c0 /opt/devkitpro/libogc/lib/wii/libogc.a(si.o)
 .text.__si_interrupthandler
                0x8001d568      0x268 /opt/devkitpro/libogc/lib/wii/libogc.a(si.o)
 .text.SI_GetType
                0x8001d7d0      0x1f4 /opt/devkitpro/libogc/lib/wii/libogc.a(si.o)
                0x8001d7d0                SI_GetType
 .text.SI_GetTypeAsync
                0x8001d9c4      0x138 /opt/devkitpro/libogc/lib/wii/libogc.a(si.o)
                0x8001d9c4                SI_GetTypeAsync
 .text.SI_EnablePollingInterrupt
                0x8001dafc       0x8c /opt/devkitpro/libogc/lib/wii/libogc.a(si.o)
                0x8001dafc                SI_EnablePollingInterrupt
 .text.SI_UnregisterPollingHandler
                0x8001db88       0xe0 /opt/devkitpro/libogc/lib/wii/libogc.a(si.o)
                0x8001db88                SI_UnregisterPollingHandler
 .text.__si_init
                0x8001dc68       0xe8 /opt/devkitpro/libogc/lib/wii/libogc.a(si.o)
                0x8001dc68                __si_init
 .text.__ipc_sendrequest
                0x8001dd50      0x104 /opt/devkitpro/libogc/lib/wii/libogc.a(ipc.o)
 .text.__ipc_syncrequest
                0x8001de54       0xe4 /opt/devkitpro/libogc/lib/wii/libogc.a(ipc.o)
 .text.__ioctlvfmtCB
                0x8001df38      0x158 /opt/devkitpro/libogc/lib/wii/libogc.a(ipc.o)
 .text.__ios_ioctlvformat_parse
                0x8001e090      0x820 /opt/devkitpro/libogc/lib/wii/libogc.a(ipc.o)
 .text.__ipc_asyncrequest
                0x8001e8b0      0x13c /opt/devkitpro/libogc/lib/wii/libogc.a(ipc.o)
 .text.__ipc_interrupthandler
                0x8001e9ec      0x34c /opt/devkitpro/libogc/lib/wii/libogc.a(ipc.o)
 .text.iosCreateHeap
                0x8001ed38      0x130 /opt/devkitpro/libogc/lib/wii/libogc.a(ipc.o)
                0x8001ed38                iosCreateHeap
 .text.iosAlloc
                0x8001ee68       0x30 /opt/devkitpro/libogc/lib/wii/libogc.a(ipc.o)
                0x8001ee68                iosAlloc
 .text.iosFree  0x8001ee98       0x28 /opt/devkitpro/libogc/lib/wii/libogc.a(ipc.o)
                0x8001ee98                iosFree
 .text.__IPC_ClntInit
                0x8001eec0       0xc8 /opt/devkitpro/libogc/lib/wii/libogc.a(ipc.o)
                0x8001eec0                __IPC_ClntInit
 .text.IOS_Open
                0x8001ef88      0x110 /opt/devkitpro/libogc/lib/wii/libogc.a(ipc.o)
                0x8001ef88                IOS_Open
 .text.IOS_Close
                0x8001f098       0xf0 /opt/devkitpro/libogc/lib/wii/libogc.a(ipc.o)
                0x8001f098                IOS_Close
 .text.IOS_CloseAsync
                0x8001f188       0xb4 /opt/devkitpro/libogc/lib/wii/libogc.a(ipc.o)
                0x8001f188                IOS_CloseAsync
 .text.IOS_Read
                0x8001f23c      0x10c /opt/devkitpro/libogc/lib/wii/libogc.a(ipc.o)
                0x8001f23c                IOS_Read
 .text.IOS_Write
                0x8001f348      0x10c /opt/devkitpro/libogc/lib/wii/libogc.a(ipc.o)
                0x8001f348                IOS_Write
 .text.IOS_Ioctl
                0x8001f454      0x158 /opt/devkitpro/libogc/lib/wii/libogc.a(ipc.o)
                0x8001f454                IOS_Ioctl
 .text.IOS_IoctlAsync
                0x8001f5ac      0x148 /opt/devkitpro/libogc/lib/wii/libogc.a(ipc.o)
                0x8001f5ac                IOS_IoctlAsync
 .text.IOS_Ioctlv
                0x8001f6f4      0x1f0 /opt/devkitpro/libogc/lib/wii/libogc.a(ipc.o)
                0x8001f6f4                IOS_Ioctlv
 .text.IOS_IoctlvAsync
                0x8001f8e4      0x1d4 /opt/devkitpro/libogc/lib/wii/libogc.a(ipc.o)
                0x8001f8e4                IOS_IoctlvAsync
 .text.IOS_IoctlvFormat
                0x8001fab8      0x16c /opt/devkitpro/libogc/lib/wii/libogc.a(ipc.o)
                0x8001fab8                IOS_IoctlvFormat
 .text.IOS_IoctlvReboot
                0x8001fc24      0x1f4 /opt/devkitpro/libogc/lib/wii/libogc.a(ipc.o)
                0x8001fc24                IOS_IoctlvReboot
 .text.gettick  0x8001fe18        0x8 /opt/devkitpro/libogc/lib/wii/libogc.a(timesupp.o)
                0x8001fe18                gettick
 .text.gettime  0x8001fe20       0x18 /opt/devkitpro/libogc/lib/wii/libogc.a(timesupp.o)
                0x8001fe20                gettime
 .text.settime  0x8001fe38       0x14 /opt/devkitpro/libogc/lib/wii/libogc.a(timesupp.o)
                0x8001fe38                settime
 .text.diff_usec
                0x8001fe4c       0x88 /opt/devkitpro/libogc/lib/wii/libogc.a(timesupp.o)
                0x8001fe4c                diff_usec
 .text.__timesystem_init
                0x8001fed4       0x1c /opt/devkitpro/libogc/lib/wii/libogc.a(timesupp.o)
                0x8001fed4                __timesystem_init
 .text.udelay   0x8001fef0       0xac /opt/devkitpro/libogc/lib/wii/libogc.a(timesupp.o)
                0x8001fef0                udelay
 .text.__libogc_nanosleep
                0x8001ff9c      0x144 /opt/devkitpro/libogc/lib/wii/libogc.a(timesupp.o)
                0x8001ff9c                __libogc_nanosleep
 .text.__syscall_lock_init
                0x800200e0       0x6c /opt/devkitpro/libogc/lib/wii/libogc.a(lock_supp.o)
                0x800200e0                __syscall_lock_init
 .text.__syscall_lock_init_recursive
                0x8002014c       0x6c /opt/devkitpro/libogc/lib/wii/libogc.a(lock_supp.o)
                0x8002014c                __syscall_lock_init_recursive
 .text.__syscall_lock_close
                0x800201b8       0x68 /opt/devkitpro/libogc/lib/wii/libogc.a(lock_supp.o)
                0x800201b8                __syscall_lock_close
 .text.__syscall_lock_acquire
                0x80020220       0x18 /opt/devkitpro/libogc/lib/wii/libogc.a(lock_supp.o)
                0x80020220                __syscall_lock_acquire
 .text.__syscall_lock_release
                0x80020238       0x18 /opt/devkitpro/libogc/lib/wii/libogc.a(lock_supp.o)
                0x80020238                __syscall_lock_release
 .text.__usbgecko_exi_unlock
                0x80020250       0x34 /opt/devkitpro/libogc/lib/wii/libogc.a(usbgecko.o)
 .text.usb_isgeckoalive
                0x80020284      0x1bc /opt/devkitpro/libogc/lib/wii/libogc.a(usbgecko.o)
                0x80020284                usb_isgeckoalive
 .text.usb_sendbuffer_ex
                0x80020440      0x214 /opt/devkitpro/libogc/lib/wii/libogc.a(usbgecko.o)
                0x80020440                usb_sendbuffer_ex
 .text.usb_sendbuffer
                0x80020654        0x8 /opt/devkitpro/libogc/lib/wii/libogc.a(usbgecko.o)
                0x80020654                usb_sendbuffer
 .text.usb_sendbuffer_safe_ex
                0x8002065c      0x2a8 /opt/devkitpro/libogc/lib/wii/libogc.a(usbgecko.o)
                0x8002065c                usb_sendbuffer_safe_ex
 .text.usb_sendbuffer_safe
                0x80020904        0x8 /opt/devkitpro/libogc/lib/wii/libogc.a(usbgecko.o)
                0x80020904                usb_sendbuffer_safe
 .text._sbrk_r  0x8002090c      0x28c /opt/devkitpro/libogc/lib/wii/libogc.a(sbrk.o)
                0x8002090c                _sbrk_r
 .text.__memlock_init
                0x80020b98       0x7c /opt/devkitpro/libogc/lib/wii/libogc.a(malloc_lock.o)
                0x80020b98                __memlock_init
 .text.__libogc_malloc_lock
                0x80020c14      0x1fc /opt/devkitpro/libogc/lib/wii/libogc.a(malloc_lock.o)
                0x80020c14                __libogc_malloc_lock
 .text.__libogc_malloc_unlock
                0x80020e10       0x64 /opt/devkitpro/libogc/lib/wii/libogc.a(malloc_lock.o)
                0x80020e10                __libogc_malloc_unlock
 .text.__STM_SetEventHook
                0x80020e74       0xb0 /opt/devkitpro/libogc/lib/wii/libogc.a(stm.o)
                0x80020e74                __STM_SetEventHook
 .text.__STM_Init
                0x80020f24       0x8c /opt/devkitpro/libogc/lib/wii/libogc.a(stm.o)
                0x80020f24                __STM_Init
 .text.__STMEventHandler
                0x80020fb0       0x64 /opt/devkitpro/libogc/lib/wii/libogc.a(stm.o)
 .text.__STM_ReleaseEventHook
                0x80021014       0x80 /opt/devkitpro/libogc/lib/wii/libogc.a(stm.o)
                0x80021014                __STM_ReleaseEventHook
 .text.__STM_Close
                0x80021094       0xac /opt/devkitpro/libogc/lib/wii/libogc.a(stm.o)
                0x80021094                __STM_Close
 .text.STM_RegisterEventHandler
                0x80021140       0x10 /opt/devkitpro/libogc/lib/wii/libogc.a(stm.o)
                0x80021140                STM_RegisterEventHandler
 .text.STM_ShutdownToStandby
                0x80021150       0x50 /opt/devkitpro/libogc/lib/wii/libogc.a(stm.o)
                0x80021150                STM_ShutdownToStandby
 .text.STM_ShutdownToIdle
                0x800211a0       0x70 /opt/devkitpro/libogc/lib/wii/libogc.a(stm.o)
                0x800211a0                STM_ShutdownToIdle
 .text.STM_SetLedMode
                0x80021210       0x40 /opt/devkitpro/libogc/lib/wii/libogc.a(stm.o)
                0x80021210                STM_SetLedMode
 .text.STM_RebootSystem
                0x80021250       0x50 /opt/devkitpro/libogc/lib/wii/libogc.a(stm.o)
                0x80021250                STM_RebootSystem
 .text.__IOS_InitializeSubsystems
                0x800212a0       0x44 /opt/devkitpro/libogc/lib/wii/libogc.a(ios.o)
                0x800212a0                __IOS_InitializeSubsystems
 .text.__IOS_ShutdownSubsystems
                0x800212e4       0x44 /opt/devkitpro/libogc/lib/wii/libogc.a(ios.o)
                0x800212e4                __IOS_ShutdownSubsystems
 .text.__IOS_LoadStartupIOS
                0x80021328        0x8 /opt/devkitpro/libogc/lib/wii/libogc.a(ios.o)
                0x80021328                __IOS_LoadStartupIOS
 .text._ES_fstat_r
                0x80021330      0x120 /opt/devkitpro/libogc/lib/wii/libogc.a(es.o)
 .text._ES_seek_r
                0x80021450       0xdc /opt/devkitpro/libogc/lib/wii/libogc.a(es.o)
 .text._ES_close_r
                0x8002152c       0xac /opt/devkitpro/libogc/lib/wii/libogc.a(es.o)
 .text.__ES_Init
                0x800215d8       0x78 /opt/devkitpro/libogc/lib/wii/libogc.a(es.o)
                0x800215d8                __ES_Init
 .text.__ES_Close
                0x80021650       0x54 /opt/devkitpro/libogc/lib/wii/libogc.a(es.o)
                0x80021650                __ES_Close
 .text.ES_GetTitleID
                0x800216a4       0x94 /opt/devkitpro/libogc/lib/wii/libogc.a(es.o)
                0x800216a4                ES_GetTitleID
 .text.ES_LaunchTitle
                0x80021738       0xa4 /opt/devkitpro/libogc/lib/wii/libogc.a(es.o)
                0x80021738                ES_LaunchTitle
 .text.ES_GetNumTicketViews
                0x800217dc       0x98 /opt/devkitpro/libogc/lib/wii/libogc.a(es.o)
                0x800217dc                ES_GetNumTicketViews
 .text.ES_GetTicketViews
                0x80021874       0x8c /opt/devkitpro/libogc/lib/wii/libogc.a(es.o)
                0x80021874                ES_GetTicketViews
 .text.ES_GetStoredTMD
                0x80021900       0x90 /opt/devkitpro/libogc/lib/wii/libogc.a(es.o)
                0x80021900                ES_GetStoredTMD
 .text._ES_decodepath
                0x80021990      0x440 /opt/devkitpro/libogc/lib/wii/libogc.a(es.o)
 .text._ES_stat_r
                0x80021dd0       0xf4 /opt/devkitpro/libogc/lib/wii/libogc.a(es.o)
 .text._ES_open_r
                0x80021ec4      0x1d0 /opt/devkitpro/libogc/lib/wii/libogc.a(es.o)
 .text.ES_ReadContent
                0x80022094       0x6c /opt/devkitpro/libogc/lib/wii/libogc.a(es.o)
                0x80022094                ES_ReadContent
 .text._ES_read_r
                0x80022100      0x17c /opt/devkitpro/libogc/lib/wii/libogc.a(es.o)
 .text.__usbv5_devicechangeCB
                0x8002227c      0x180 /opt/devkitpro/libogc/lib/wii/libogc.a(usb.o)
 .text.__usbv5_attachfinishCB
                0x800223fc       0xcc /opt/devkitpro/libogc/lib/wii/libogc.a(usb.o)
 .text.__usbv5_messageCB
                0x800224c8       0x5c /opt/devkitpro/libogc/lib/wii/libogc.a(usb.o)
 .text.__usbv0_messageCB
                0x80022524       0xa8 /opt/devkitpro/libogc/lib/wii/libogc.a(usb.o)
 .text.__usb_control_message
                0x800225cc      0x428 /opt/devkitpro/libogc/lib/wii/libogc.a(usb.o)
 .text.__usb_interrupt_bulk_message
                0x800229f4      0x2c0 /opt/devkitpro/libogc/lib/wii/libogc.a(usb.o)
 .text.USB_FreeDescriptors.part.0
                0x80022cb4       0xfc /opt/devkitpro/libogc/lib/wii/libogc.a(usb.o)
 .text.USB_GetDescriptors.part.0
                0x80022db0      0x674 /opt/devkitpro/libogc/lib/wii/libogc.a(usb.o)
 .text.USBV5_SuspendResume
                0x80023424      0x138 /opt/devkitpro/libogc/lib/wii/libogc.a(usb.o)
 .text.USBV5_GetDescriptors
                0x8002355c      0x518 /opt/devkitpro/libogc/lib/wii/libogc.a(usb.o)
 .text.USB_Deinitialize
                0x80023a74       0xc8 /opt/devkitpro/libogc/lib/wii/libogc.a(usb.o)
                0x80023a74                USB_Deinitialize
 .text.USB_Initialize
                0x80023b3c      0x2f8 /opt/devkitpro/libogc/lib/wii/libogc.a(usb.o)
                0x80023b3c                USB_Initialize
 .text.USB_OpenDevice
                0x80023e34      0x2b8 /opt/devkitpro/libogc/lib/wii/libogc.a(usb.o)
                0x80023e34                USB_OpenDevice
 .text.USBV5_CloseDevice
                0x800240ec      0x128 /opt/devkitpro/libogc/lib/wii/libogc.a(usb.o)
                0x800240ec                USBV5_CloseDevice
 .text.USB_CloseDeviceAsync
                0x80024214       0xd0 /opt/devkitpro/libogc/lib/wii/libogc.a(usb.o)
                0x80024214                USB_CloseDeviceAsync
 .text.USB_ReadIntrMsgAsync
                0x800242e4       0x28 /opt/devkitpro/libogc/lib/wii/libogc.a(usb.o)
                0x800242e4                USB_ReadIntrMsgAsync
 .text.USB_ReadBlkMsgAsync
                0x8002430c       0x28 /opt/devkitpro/libogc/lib/wii/libogc.a(usb.o)
                0x8002430c                USB_ReadBlkMsgAsync
 .text.USB_WriteBlkMsgAsync
                0x80024334       0x28 /opt/devkitpro/libogc/lib/wii/libogc.a(usb.o)
                0x80024334                USB_WriteBlkMsgAsync
 .text.USB_WriteCtrlMsgAsync
                0x8002435c        0x4 /opt/devkitpro/libogc/lib/wii/libogc.a(usb.o)
                0x8002435c                USB_WriteCtrlMsgAsync
 .text.__CheckARGV
                0x80024360       0x80 /opt/devkitpro/libogc/lib/wii/libogc.a(argv.o)
                0x80024360                __CheckARGV
 .text.CONF_Init
                0x800243e0      0x184 /opt/devkitpro/libogc/lib/wii/libogc.a(conf.o)
                0x800243e0                CONF_Init
 .text.__CONF_GetTxt
                0x80024564      0x208 /opt/devkitpro/libogc/lib/wii/libogc.a(conf.o)
                0x80024564                __CONF_GetTxt
 .text.__CONF_Find
                0x8002476c       0xfc /opt/devkitpro/libogc/lib/wii/libogc.a(conf.o)
                0x8002476c                __CONF_Find
 .text.CONF_GetLength
                0x80024868      0x12c /opt/devkitpro/libogc/lib/wii/libogc.a(conf.o)
                0x80024868                CONF_GetLength
 .text.CONF_Get
                0x80024994      0x140 /opt/devkitpro/libogc/lib/wii/libogc.a(conf.o)
                0x80024994                CONF_Get
 .text.CONF_GetShutdownMode
                0x80024ad4       0x54 /opt/devkitpro/libogc/lib/wii/libogc.a(conf.o)
                0x80024ad4                CONF_GetShutdownMode
 .text.CONF_GetIdleLedMode
                0x80024b28       0x54 /opt/devkitpro/libogc/lib/wii/libogc.a(conf.o)
                0x80024b28                CONF_GetIdleLedMode
 .text.CONF_GetProgressiveScan
                0x80024b7c       0x54 /opt/devkitpro/libogc/lib/wii/libogc.a(conf.o)
                0x80024b7c                CONF_GetProgressiveScan
 .text.CONF_GetEuRGB60
                0x80024bd0       0x54 /opt/devkitpro/libogc/lib/wii/libogc.a(conf.o)
                0x80024bd0                CONF_GetEuRGB60
 .text.CONF_GetIRSensitivity
                0x80024c24       0x54 /opt/devkitpro/libogc/lib/wii/libogc.a(conf.o)
                0x80024c24                CONF_GetIRSensitivity
 .text.CONF_GetSensorBarPosition
                0x80024c78       0x54 /opt/devkitpro/libogc/lib/wii/libogc.a(conf.o)
                0x80024c78                CONF_GetSensorBarPosition
 .text.CONF_GetCounterBias
                0x80024ccc       0x4c /opt/devkitpro/libogc/lib/wii/libogc.a(conf.o)
                0x80024ccc                CONF_GetCounterBias
 .text.CONF_GetDisplayOffsetH
                0x80024d18       0x4c /opt/devkitpro/libogc/lib/wii/libogc.a(conf.o)
                0x80024d18                CONF_GetDisplayOffsetH
 .text.CONF_GetPadDevices
                0x80024d64       0x4c /opt/devkitpro/libogc/lib/wii/libogc.a(conf.o)
                0x80024d64                CONF_GetPadDevices
 .text.CONF_GetVideo
                0x80024db0       0x88 /opt/devkitpro/libogc/lib/wii/libogc.a(conf.o)
                0x80024db0                CONF_GetVideo
 .text.__WII_WriteNANDBootInfo.isra.0
                0x80024e38       0xbc /opt/devkitpro/libogc/lib/wii/libogc.a(wiilaunch.o)
 .text.__WII_WriteStateFlags.isra.0
                0x80024ef4       0x94 /opt/devkitpro/libogc/lib/wii/libogc.a(wiilaunch.o)
 .text.WII_Initialize
                0x80024f88      0x188 /opt/devkitpro/libogc/lib/wii/libogc.a(wiilaunch.o)
                0x80024f88                WII_Initialize
 .text.WII_LaunchTitle
                0x80025110      0x1ac /opt/devkitpro/libogc/lib/wii/libogc.a(wiilaunch.o)
                0x80025110                WII_LaunchTitle
 .text.WII_ReturnToMenu
                0x800252bc       0x58 /opt/devkitpro/libogc/lib/wii/libogc.a(wiilaunch.o)
                0x800252bc                WII_ReturnToMenu
 .text.__lwp_priority_init
                0x80025314       0x1c /opt/devkitpro/libogc/lib/wii/libogc.a(lwp_priority.o)
                0x80025314                __lwp_priority_init
 .text.__lwp_threadqueue_enqueuefifo
                0x80025330      0x12c /opt/devkitpro/libogc/lib/wii/libogc.a(lwp_threadq.o)
                0x80025330                __lwp_threadqueue_enqueuefifo
 .text.__lwp_threadqueue_dequeuefifo
                0x8002545c      0x134 /opt/devkitpro/libogc/lib/wii/libogc.a(lwp_threadq.o)
                0x8002545c                __lwp_threadqueue_dequeuefifo
 .text.__lwp_threadqueue_enqueuepriority
                0x80025590      0x334 /opt/devkitpro/libogc/lib/wii/libogc.a(lwp_threadq.o)
                0x80025590                __lwp_threadqueue_enqueuepriority
 .text.__lwp_threadqueue_dequeuepriority
                0x800258c4      0x1d8 /opt/devkitpro/libogc/lib/wii/libogc.a(lwp_threadq.o)
                0x800258c4                __lwp_threadqueue_dequeuepriority
 .text.__lwp_threadqueue_init
                0x80025a9c       0x64 /opt/devkitpro/libogc/lib/wii/libogc.a(lwp_threadq.o)
                0x80025a9c                __lwp_threadqueue_init
 .text.__lwp_threadqueue_enqueue
                0x80025b00      0x138 /opt/devkitpro/libogc/lib/wii/libogc.a(lwp_threadq.o)
                0x80025b00                __lwp_threadqueue_enqueue
 .text.__lwp_threadqueue_dequeue
                0x80025c38       0x24 /opt/devkitpro/libogc/lib/wii/libogc.a(lwp_threadq.o)
                0x80025c38                __lwp_threadqueue_dequeue
 .text.__lwp_threadqueue_flush
                0x80025c5c       0x68 /opt/devkitpro/libogc/lib/wii/libogc.a(lwp_threadq.o)
                0x80025c5c                __lwp_threadqueue_flush
 .text.__lwp_threadqueue_extractfifo
                0x80025cc4       0xe8 /opt/devkitpro/libogc/lib/wii/libogc.a(lwp_threadq.o)
                0x80025cc4                __lwp_threadqueue_extractfifo
 .text.__lwp_threadqueue_extractpriority
                0x80025dac      0x148 /opt/devkitpro/libogc/lib/wii/libogc.a(lwp_threadq.o)
                0x80025dac                __lwp_threadqueue_extractpriority
 .text.__lwp_threadqueue_timeout
                0x80025ef4       0xd0 /opt/devkitpro/libogc/lib/wii/libogc.a(lwp_threadq.o)
 .text.__lwp_threadqueue_extractproxy
                0x80025fc4       0x64 /opt/devkitpro/libogc/lib/wii/libogc.a(lwp_threadq.o)
                0x80025fc4                __lwp_threadqueue_extractproxy
 .text.__lwp_mutex_initialize
                0x80026028       0xa4 /opt/devkitpro/libogc/lib/wii/libogc.a(lwp_mutex.o)
                0x80026028                __lwp_mutex_initialize
 .text.__lwp_mutex_surrender
                0x800260cc      0x14c /opt/devkitpro/libogc/lib/wii/libogc.a(lwp_mutex.o)
                0x800260cc                __lwp_mutex_surrender
 .text.__lwp_mutex_seize_irq_blocking
                0x80026218       0xf8 /opt/devkitpro/libogc/lib/wii/libogc.a(lwp_mutex.o)
                0x80026218                __lwp_mutex_seize_irq_blocking
 .text.__lwp_mutex_flush
                0x80026310        0x4 /opt/devkitpro/libogc/lib/wii/libogc.a(lwp_mutex.o)
                0x80026310                __lwp_mutex_flush
 .text.__systemcall_init
                0x80026314       0x70 /opt/devkitpro/libogc/lib/wii/libogc.a(exception.o)
                0x80026314                __systemcall_init
 .text.__exception_init
                0x80026384      0x120 /opt/devkitpro/libogc/lib/wii/libogc.a(exception.o)
                0x80026384                __exception_init
 .text.__exception_close
                0x800264a4       0xac /opt/devkitpro/libogc/lib/wii/libogc.a(exception.o)
                0x800264a4                __exception_close
 .text.__exception_closeall
                0x80026550       0x80 /opt/devkitpro/libogc/lib/wii/libogc.a(exception.o)
                0x80026550                __exception_closeall
 .text.c_default_exceptionhandler
                0x800265d0      0x458 /opt/devkitpro/libogc/lib/wii/libogc.a(exception.o)
                0x800265d0                c_default_exceptionhandler
 .text.__lwp_sema_init
                0x80026a28       0x14 /opt/devkitpro/libogc/lib/wii/libogc.a(semaphore.o)
                0x80026a28                __lwp_sema_init
 .text.SPEC1_MakeStatus
                0x80026a3c      0x104 /opt/devkitpro/libogc/lib/wii/libogc.a(pad.o)
 .text.__pad_samplinghandler
                0x80026b40        0x4 /opt/devkitpro/libogc/lib/wii/libogc.a(pad.o)
 .text.__pad_doreset
                0x80026b44       0x50 /opt/devkitpro/libogc/lib/wii/libogc.a(pad.o)
 .text.__pad_updateorigin
                0x80026b94       0xa4 /opt/devkitpro/libogc/lib/wii/libogc.a(pad.o)
 .text.__pad_disable
                0x80026c38       0xbc /opt/devkitpro/libogc/lib/wii/libogc.a(pad.o)
 .text.__pad_receivecheckcallback
                0x80026cf4       0x84 /opt/devkitpro/libogc/lib/wii/libogc.a(pad.o)
 .text.__pad_typeandstatuscallback
                0x80026d78      0x1ac /opt/devkitpro/libogc/lib/wii/libogc.a(pad.o)
 .text.__pad_originupdatecallback
                0x80026f24       0x2c /opt/devkitpro/libogc/lib/wii/libogc.a(pad.o)
 .text.__pad_onreset
                0x80026f50      0x108 /opt/devkitpro/libogc/lib/wii/libogc.a(pad.o)
 .text.SPEC2_MakeStatus
                0x80027058      0x214 /opt/devkitpro/libogc/lib/wii/libogc.a(pad.o)
 .text.__pad_origincallback
                0x8002726c       0x74 /opt/devkitpro/libogc/lib/wii/libogc.a(pad.o)
 .text.__pad_probecallback
                0x800272e0       0x88 /opt/devkitpro/libogc/lib/wii/libogc.a(pad.o)
 .text.__PADDisableRecalibration
                0x80027368       0x64 /opt/devkitpro/libogc/lib/wii/libogc.a(pad.o)
                0x80027368                __PADDisableRecalibration
 .text.PAD_Reset
                0x800273cc       0xf0 /opt/devkitpro/libogc/lib/wii/libogc.a(pad.o)
                0x800273cc                PAD_Reset
 .text.PAD_Read
                0x800274bc      0x2d4 /opt/devkitpro/libogc/lib/wii/libogc.a(pad.o)
                0x800274bc                PAD_Read
 .text.PAD_Init
                0x80027790       0xf8 /opt/devkitpro/libogc/lib/wii/libogc.a(pad.o)
                0x80027790                PAD_Init
 .text.PAD_ScanPads
                0x80027888      0x15c /opt/devkitpro/libogc/lib/wii/libogc.a(pad.o)
                0x80027888                PAD_ScanPads
 .text.PAD_ButtonsDown
                0x800279e4       0x40 /opt/devkitpro/libogc/lib/wii/libogc.a(pad.o)
                0x800279e4                PAD_ButtonsDown
 .text.__exi_irq_handler
                0x80027a24       0x58 /opt/devkitpro/libogc/lib/wii/libogc.a(exi.o)
 .text.__ext_irq_handler
                0x80027a7c       0xc8 /opt/devkitpro/libogc/lib/wii/libogc.a(exi.o)
 .text.__tc_irq_handler
                0x80027b44      0x178 /opt/devkitpro/libogc/lib/wii/libogc.a(exi.o)
 .text.__exi_probe
                0x80027cbc      0x214 /opt/devkitpro/libogc/lib/wii/libogc.a(exi.o)
 .text.__exi_attach
                0x80027ed0      0x104 /opt/devkitpro/libogc/lib/wii/libogc.a(exi.o)
 .text.EXI_Lock
                0x80027fd4      0x218 /opt/devkitpro/libogc/lib/wii/libogc.a(exi.o)
                0x80027fd4                EXI_Lock
 .text.EXI_Unlock
                0x800281ec      0x224 /opt/devkitpro/libogc/lib/wii/libogc.a(exi.o)
                0x800281ec                EXI_Unlock
 .text.EXI_Select
                0x80028410      0x208 /opt/devkitpro/libogc/lib/wii/libogc.a(exi.o)
                0x80028410                EXI_Select
 .text.EXI_Deselect
                0x80028618      0x16c /opt/devkitpro/libogc/lib/wii/libogc.a(exi.o)
                0x80028618                EXI_Deselect
 .text.EXI_Sync
                0x80028784      0x108 /opt/devkitpro/libogc/lib/wii/libogc.a(exi.o)
                0x80028784                EXI_Sync
 .text.EXI_Imm  0x8002888c      0x1f8 /opt/devkitpro/libogc/lib/wii/libogc.a(exi.o)
                0x8002888c                EXI_Imm
 .text.EXI_ImmEx
                0x80028a84       0xd8 /opt/devkitpro/libogc/lib/wii/libogc.a(exi.o)
                0x80028a84                EXI_ImmEx
 .text.EXI_Dma  0x80028b5c      0x16c /opt/devkitpro/libogc/lib/wii/libogc.a(exi.o)
                0x80028b5c                EXI_Dma
 .text.EXI_Detach
                0x80028cc8       0xb0 /opt/devkitpro/libogc/lib/wii/libogc.a(exi.o)
                0x80028cc8                EXI_Detach
 .text.EXI_GetID
                0x80028d78      0x338 /opt/devkitpro/libogc/lib/wii/libogc.a(exi.o)
                0x80028d78                EXI_GetID
 .text.__unlocked_handler
                0x800290b0       0x28 /opt/devkitpro/libogc/lib/wii/libogc.a(exi.o)
 .text.EXI_ProbeReset
                0x800290d8       0x70 /opt/devkitpro/libogc/lib/wii/libogc.a(exi.o)
                0x800290d8                EXI_ProbeReset
 .text.__exi_init
                0x80029148      0x188 /opt/devkitpro/libogc/lib/wii/libogc.a(exi.o)
                0x80029148                __exi_init
 .text.__lwp_mutex_locksupp.constprop.0
                0x800292d0      0x2a8 /opt/devkitpro/libogc/lib/wii/libogc.a(mutex.o)
 .text.__lwp_mutex_init
                0x80029578       0x14 /opt/devkitpro/libogc/lib/wii/libogc.a(mutex.o)
                0x80029578                __lwp_mutex_init
 .text.LWP_MutexInit
                0x8002958c      0x100 /opt/devkitpro/libogc/lib/wii/libogc.a(mutex.o)
                0x8002958c                LWP_MutexInit
 .text.LWP_MutexDestroy
                0x8002968c       0xf0 /opt/devkitpro/libogc/lib/wii/libogc.a(mutex.o)
                0x8002968c                LWP_MutexDestroy
 .text.LWP_MutexLock
                0x8002977c        0x8 /opt/devkitpro/libogc/lib/wii/libogc.a(mutex.o)
                0x8002977c                LWP_MutexLock
 .text.LWP_MutexUnlock
                0x80029784       0x9c /opt/devkitpro/libogc/lib/wii/libogc.a(mutex.o)
                0x80029784                LWP_MutexUnlock
 .text.__GX_InitRevBits
                0x80029820       0x98 /opt/devkitpro/libogc/lib/wii/libogc.a(gx.o)
 .text.GX_AbortFrame
                0x800298b8      0x3d8 /opt/devkitpro/libogc/lib/wii/libogc.a(gx.o)
                0x800298b8                GX_AbortFrame
 .text.number   0x80029c90      0x318 /opt/devkitpro/libogc/lib/wii/libogc.a(kprintf.o)
 .text.kvsprintf
                0x80029fa8      0x888 /opt/devkitpro/libogc/lib/wii/libogc.a(kprintf.o)
                0x80029fa8                kvsprintf
 .text.kprintf  0x8002a830       0xac /opt/devkitpro/libogc/lib/wii/libogc.a(kprintf.o)
                0x8002a830                kprintf
 .text.net_wc24cleanup
                0x8002a8dc       0x64 /opt/devkitpro/libogc/lib/wii/libogc.a(network_wii.o)
                0x8002a8dc                net_wc24cleanup
 .text.atanf    0x8002a940      0x290 /opt/devkitpro/devkitPPC/bin/../lib/gcc/powerpc-eabi/13.1.0/../../../../powerpc-eabi/lib/libm.a(libm_a-sf_atan.o)
                0x8002a940                atanf
 .text.atan2    0x8002abd0        0x4 /opt/devkitpro/devkitPPC/bin/../lib/gcc/powerpc-eabi/13.1.0/../../../../powerpc-eabi/lib/libm.a(libm_a-w_atan2.o)
                0x8002abd0                atan2
 .text.fabsf    0x8002abd4       0x20 /opt/devkitpro/devkitPPC/bin/../lib/gcc/powerpc-eabi/13.1.0/../../../../powerpc-eabi/lib/libm.a(libm_a-sf_fabs.o)
                0x8002abd4                fabsf
 .text.cosf     0x8002abf4       0xe0 /opt/devkitpro/devkitPPC/bin/../lib/gcc/powerpc-eabi/13.1.0/../../../../powerpc-eabi/lib/libm.a(libm_a-sf_cos.o)
                0x8002abf4                cosf
 .text.sqrtf    0x8002acd4       0x74 /opt/devkitpro/devkitPPC/bin/../lib/gcc/powerpc-eabi/13.1.0/../../../../powerpc-eabi/lib/libm.a(libm_a-wf_sqrt.o)
                0x8002acd4                sqrtf
 .text.hypotf   0x8002ad48       0x8c /opt/devkitpro/devkitPPC/bin/../lib/gcc/powerpc-eabi/13.1.0/../../../../powerpc-eabi/lib/libm.a(libm_a-wf_hypot.o)
                0x8002ad48                hypotf
 .text.atan2f   0x8002add4        0x4 /opt/devkitpro/devkitPPC/bin/../lib/gcc/powerpc-eabi/13.1.0/../../../../powerpc-eabi/lib/libm.a(libm_a-wf_atan2.o)
                0x8002add4                atan2f
 .text.__ieee754_hypotf
                0x8002add8      0x214 /opt/devkitpro/devkitPPC/bin/../lib/gcc/powerpc-eabi/13.1.0/../../../../powerpc-eabi/lib/libm.a(libm_a-ef_hypot.o)
                0x8002add8                __ieee754_hypotf
 .text.__kernel_cosf
                0x8002afec      0x188 /opt/devkitpro/devkitPPC/bin/../lib/gcc/powerpc-eabi/13.1.0/../../../../powerpc-eabi/lib/libm.a(libm_a-kf_cos.o)
                0x8002afec                __kernel_cosf